Archive member included to satisfy reference by file (symbol)

c:/st/stm32cubeide_1.7.0/stm32cubeide/plugins/com.st.stm32cube.ide.mcu.externaltools.gnu-tools-for-stm32.9-2020-q2-update.win32_2.0.0.202105311346/tools/bin/../lib/gcc/arm-none-eabi/9.3.1/../../../../arm-none-eabi/lib/thumb/v6-m/nofp\libc_nano.a(lib_a-errno.o)
                              ./Core/Src/syscalls.o (__errno)
c:/st/stm32cubeide_1.7.0/stm32cubeide/plugins/com.st.stm32cube.ide.mcu.externaltools.gnu-tools-for-stm32.9-2020-q2-update.win32_2.0.0.202105311346/tools/bin/../lib/gcc/arm-none-eabi/9.3.1/../../../../arm-none-eabi/lib/thumb/v6-m/nofp\libc_nano.a(lib_a-exit.o)
                              c:/st/stm32cubeide_1.7.0/stm32cubeide/plugins/com.st.stm32cube.ide.mcu.externaltools.gnu-tools-for-stm32.9-2020-q2-update.win32_2.0.0.202105311346/tools/bin/../lib/gcc/arm-none-eabi/9.3.1/../../../../arm-none-eabi/lib/thumb/v6-m/nofp/crt0.o (exit)
c:/st/stm32cubeide_1.7.0/stm32cubeide/plugins/com.st.stm32cube.ide.mcu.externaltools.gnu-tools-for-stm32.9-2020-q2-update.win32_2.0.0.202105311346/tools/bin/../lib/gcc/arm-none-eabi/9.3.1/../../../../arm-none-eabi/lib/thumb/v6-m/nofp\libc_nano.a(lib_a-impure.o)
                              c:/st/stm32cubeide_1.7.0/stm32cubeide/plugins/com.st.stm32cube.ide.mcu.externaltools.gnu-tools-for-stm32.9-2020-q2-update.win32_2.0.0.202105311346/tools/bin/../lib/gcc/arm-none-eabi/9.3.1/../../../../arm-none-eabi/lib/thumb/v6-m/nofp\libc_nano.a(lib_a-exit.o) (_global_impure_ptr)
c:/st/stm32cubeide_1.7.0/stm32cubeide/plugins/com.st.stm32cube.ide.mcu.externaltools.gnu-tools-for-stm32.9-2020-q2-update.win32_2.0.0.202105311346/tools/bin/../lib/gcc/arm-none-eabi/9.3.1/../../../../arm-none-eabi/lib/thumb/v6-m/nofp\libc_nano.a(lib_a-init.o)
                              c:/st/stm32cubeide_1.7.0/stm32cubeide/plugins/com.st.stm32cube.ide.mcu.externaltools.gnu-tools-for-stm32.9-2020-q2-update.win32_2.0.0.202105311346/tools/bin/../lib/gcc/arm-none-eabi/9.3.1/../../../../arm-none-eabi/lib/thumb/v6-m/nofp/crt0.o (__libc_init_array)
c:/st/stm32cubeide_1.7.0/stm32cubeide/plugins/com.st.stm32cube.ide.mcu.externaltools.gnu-tools-for-stm32.9-2020-q2-update.win32_2.0.0.202105311346/tools/bin/../lib/gcc/arm-none-eabi/9.3.1/../../../../arm-none-eabi/lib/thumb/v6-m/nofp\libc_nano.a(lib_a-memset.o)
                              c:/st/stm32cubeide_1.7.0/stm32cubeide/plugins/com.st.stm32cube.ide.mcu.externaltools.gnu-tools-for-stm32.9-2020-q2-update.win32_2.0.0.202105311346/tools/bin/../lib/gcc/arm-none-eabi/9.3.1/../../../../arm-none-eabi/lib/thumb/v6-m/nofp/crt0.o (memset)
c:/st/stm32cubeide_1.7.0/stm32cubeide/plugins/com.st.stm32cube.ide.mcu.externaltools.gnu-tools-for-stm32.9-2020-q2-update.win32_2.0.0.202105311346/tools/bin/../lib/gcc/arm-none-eabi/9.3.1/thumb/v6-m/nofp\libgcc.a(_udivsi3.o)
                              ./Core/Src/system_stm32f0xx.o (__aeabi_uidiv)
c:/st/stm32cubeide_1.7.0/stm32cubeide/plugins/com.st.stm32cube.ide.mcu.externaltools.gnu-tools-for-stm32.9-2020-q2-update.win32_2.0.0.202105311346/tools/bin/../lib/gcc/arm-none-eabi/9.3.1/thumb/v6-m/nofp\libgcc.a(_dvmd_tls.o)
                              c:/st/stm32cubeide_1.7.0/stm32cubeide/plugins/com.st.stm32cube.ide.mcu.externaltools.gnu-tools-for-stm32.9-2020-q2-update.win32_2.0.0.202105311346/tools/bin/../lib/gcc/arm-none-eabi/9.3.1/thumb/v6-m/nofp\libgcc.a(_udivsi3.o) (__aeabi_idiv0)

Allocating common symbols
Common symbol       size              file

hUsbDeviceFS        0x2c4             ./USB_DEVICE/App/usb_device.o
TxMailBox           0x4               ./Core/Src/main.o
hcan                0x28              ./Core/Src/main.o
uwTick              0x4               ./Drivers/STM32F0xx_HAL_Driver/Src/stm32f0xx_hal.o
pFlash              0x20              ./Drivers/STM32F0xx_HAL_Driver/Src/stm32f0xx_hal_flash.o
UserRxBufferFS      0x3e8             ./USB_DEVICE/App/usbd_cdc_if.o
UserTxBufferFS      0x3e8             ./USB_DEVICE/App/usbd_cdc_if.o
Data                0x1f              ./Core/Src/main.o
DataRx              0x1f              ./Core/Src/main.o
TxData              0x8               ./Core/Src/main.o
RxData              0x8               ./Core/Src/main.o
TxHeader            0x18              ./Core/Src/main.o
hpcd_USB_FS         0x2f4             ./USB_DEVICE/Target/usbd_conf.o
RxHeader            0x1c              ./Core/Src/main.o
USBD_StrDesc        0x200             ./USB_DEVICE/App/usbd_desc.o

Discarded input sections

 .text          0x0000000000000000        0x0 c:/st/stm32cubeide_1.7.0/stm32cubeide/plugins/com.st.stm32cube.ide.mcu.externaltools.gnu-tools-for-stm32.9-2020-q2-update.win32_2.0.0.202105311346/tools/bin/../lib/gcc/arm-none-eabi/9.3.1/thumb/v6-m/nofp/crti.o
 .data          0x0000000000000000        0x0 c:/st/stm32cubeide_1.7.0/stm32cubeide/plugins/com.st.stm32cube.ide.mcu.externaltools.gnu-tools-for-stm32.9-2020-q2-update.win32_2.0.0.202105311346/tools/bin/../lib/gcc/arm-none-eabi/9.3.1/thumb/v6-m/nofp/crti.o
[...]
Memory Configuration

Name             Origin             Length             Attributes
RAM              0x0000000020000000 0x0000000000004000 xrw
FLASH            0x0000000008000000 0x0000000000020000 xr
*default*        0x0000000000000000 0xffffffffffffffff

Linker script and memory map

LOAD c:/st/stm32cubeide_1.7.0/stm32cubeide/plugins/com.st.stm32cube.ide.mcu.externaltools.gnu-tools-for-stm32.9-2020-q2-update.win32_2.0.0.202105311346/tools/bin/../lib/gcc/arm-none-eabi/9.3.1/thumb/v6-m/nofp/crti.o
LOAD c:/st/stm32cubeide_1.7.0/stm32cubeide/plugins/com.st.stm32cube.ide.mcu.externaltools.gnu-tools-for-stm32.9-2020-q2-update.win32_2.0.0.202105311346/tools/bin/../lib/gcc/arm-none-eabi/9.3.1/thumb/v6-m/nofp/crtbegin.o
LOAD c:/st/stm32cubeide_1.7.0/stm32cubeide/plugins/com.st.stm32cube.ide.mcu.externaltools.gnu-tools-for-stm32.9-2020-q2-update.win32_2.0.0.202105311346/tools/bin/../lib/gcc/arm-none-eabi/9.3.1/../../../../arm-none-eabi/lib/thumb/v6-m/nofp/crt0.o
LOAD ./Core/Src/main.o
LOAD ./Core/Src/stm32f0xx_hal_msp.o
LOAD ./Core/Src/stm32f0xx_it.o
LOAD ./Core/Src/syscalls.o
LOAD ./Core/Src/sysmem.o
LOAD ./Core/Src/system_stm32f0xx.o
LOAD ./Core/Startup/startup_stm32f072rbtx.o
LOAD ./Drivers/STM32F0xx_HAL_Driver/Src/stm32f0xx_hal.o
LOAD ./Drivers/STM32F0xx_HAL_Driver/Src/stm32f0xx_hal_can.o
LOAD ./Drivers/STM32F0xx_HAL_Driver/Src/stm32f0xx_hal_cortex.o
LOAD ./Drivers/STM32F0xx_HAL_Driver/Src/stm32f0xx_hal_dma.o
LOAD ./Drivers/STM32F0xx_HAL_Driver/Src/stm32f0xx_hal_exti.o
LOAD ./Drivers/STM32F0xx_HAL_Driver/Src/stm32f0xx_hal_flash.o
LOAD ./Drivers/STM32F0xx_HAL_Driver/Src/stm32f0xx_hal_flash_ex.o
LOAD ./Drivers/STM32F0xx_HAL_Driver/Src/stm32f0xx_hal_gpio.o
LOAD ./Drivers/STM32F0xx_HAL_Driver/Src/stm32f0xx_hal_i2c.o
LOAD ./Drivers/STM32F0xx_HAL_Driver/Src/stm32f0xx_hal_i2c_ex.o
LOAD ./Drivers/STM32F0xx_HAL_Driver/Src/stm32f0xx_hal_pcd.o
LOAD ./Drivers/STM32F0xx_HAL_Driver/Src/stm32f0xx_hal_pcd_ex.o
LOAD ./Drivers/STM32F0xx_HAL_Driver/Src/stm32f0xx_hal_pwr.o
LOAD ./Drivers/STM32F0xx_HAL_Driver/Src/stm32f0xx_hal_pwr_ex.o
LOAD ./Drivers/STM32F0xx_HAL_Driver/Src/stm32f0xx_hal_rcc.o
LOAD ./Drivers/STM32F0xx_HAL_Driver/Src/stm32f0xx_hal_rcc_ex.o
LOAD ./Drivers/STM32F0xx_HAL_Driver/Src/stm32f0xx_hal_tim.o
LOAD ./Drivers/STM32F0xx_HAL_Driver/Src/stm32f0xx_hal_tim_ex.o
LOAD ./Drivers/STM32F0xx_HAL_Driver/Src/stm32f0xx_ll_usb.o
LOAD ./Middlewares/ST/STM32_USB_Device_Library/Class/CDC/Src/usbd_cdc.o
LOAD ./Middlewares/ST/STM32_USB_Device_Library/Core/Src/usbd_core.o
LOAD ./Middlewares/ST/STM32_USB_Device_Library/Core/Src/usbd_ctlreq.o
LOAD ./Middlewares/ST/STM32_USB_Device_Library/Core/Src/usbd_ioreq.o
LOAD ./USB_DEVICE/App/usb_device.o
LOAD ./USB_DEVICE/App/usbd_cdc_if.o
LOAD ./USB_DEVICE/App/usbd_desc.o
LOAD ./USB_DEVICE/Target/usbd_conf.o
START GROUP
LOAD c:/st/stm32cubeide_1.7.0/stm32cubeide/plugins/com.st.stm32cube.ide.mcu.externaltools.gnu-tools-for-stm32.9-2020-q2-update.win32_2.0.0.202105311346/tools/bin/../lib/gcc/arm-none-eabi/9.3.1/../../../../arm-none-eabi/lib/thumb/v6-m/nofp\libstdc++_nano.a
LOAD c:/st/stm32cubeide_1.7.0/stm32cubeide/plugins/com.st.stm32cube.ide.mcu.externaltools.gnu-tools-for-stm32.9-2020-q2-update.win32_2.0.0.202105311346/tools/bin/../lib/gcc/arm-none-eabi/9.3.1/../../../../arm-none-eabi/lib/thumb/v6-m/nofp\libsupc++_nano.a
END GROUP
LOAD c:/st/stm32cubeide_1.7.0/stm32cubeide/plugins/com.st.stm32cube.ide.mcu.externaltools.gnu-tools-for-stm32.9-2020-q2-update.win32_2.0.0.202105311346/tools/bin/../lib/gcc/arm-none-eabi/9.3.1/../../../../arm-none-eabi/lib/thumb/v6-m/nofp\libstdc++_nano.a
LOAD c:/st/stm32cubeide_1.7.0/stm32cubeide/plugins/com.st.stm32cube.ide.mcu.externaltools.gnu-tools-for-stm32.9-2020-q2-update.win32_2.0.0.202105311346/tools/bin/../lib/gcc/arm-none-eabi/9.3.1/../../../../arm-none-eabi/lib/thumb/v6-m/nofp\libm.a
LOAD c:/st/stm32cubeide_1.7.0/stm32cubeide/plugins/com.st.stm32cube.ide.mcu.externaltools.gnu-tools-for-stm32.9-2020-q2-update.win32_2.0.0.202105311346/tools/bin/../lib/gcc/arm-none-eabi/9.3.1/../../../../arm-none-eabi/lib/thumb/v6-m/nofp\libc_nano.a
START GROUP
LOAD c:/st/stm32cubeide_1.7.0/stm32cubeide/plugins/com.st.stm32cube.ide.mcu.externaltools.gnu-tools-for-stm32.9-2020-q2-update.win32_2.0.0.202105311346/tools/bin/../lib/gcc/arm-none-eabi/9.3.1/thumb/v6-m/nofp\libgcc.a
LOAD c:/st/stm32cubeide_1.7.0/stm32cubeide/plugins/com.st.stm32cube.ide.mcu.externaltools.gnu-tools-for-stm32.9-2020-q2-update.win32_2.0.0.202105311346/tools/bin/../lib/gcc/arm-none-eabi/9.3.1/../../../../arm-none-eabi/lib/thumb/v6-m/nofp\libc_nano.a
END GROUP
START GROUP
LOAD c:/st/stm32cubeide_1.7.0/stm32cubeide/plugins/com.st.stm32cube.ide.mcu.externaltools.gnu-tools-for-stm32.9-2020-q2-update.win32_2.0.0.202105311346/tools/bin/../lib/gcc/arm-none-eabi/9.3.1/thumb/v6-m/nofp\libgcc.a
LOAD c:/st/stm32cubeide_1.7.0/stm32cubeide/plugins/com.st.stm32cube.ide.mcu.externaltools.gnu-tools-for-stm32.9-2020-q2-update.win32_2.0.0.202105311346/tools/bin/../lib/gcc/arm-none-eabi/9.3.1/../../../../arm-none-eabi/lib/thumb/v6-m/nofp\libc_nano.a
LOAD c:/st/stm32cubeide_1.7.0/stm32cubeide/plugins/com.st.stm32cube.ide.mcu.externaltools.gnu-tools-for-stm32.9-2020-q2-update.win32_2.0.0.202105311346/tools/bin/../lib/gcc/arm-none-eabi/9.3.1/../../../../arm-none-eabi/lib/thumb/v6-m/nofp\libnosys.a
END GROUP
START GROUP
LOAD c:/st/stm32cubeide_1.7.0/stm32cubeide/plugins/com.st.stm32cube.ide.mcu.externaltools.gnu-tools-for-stm32.9-2020-q2-update.win32_2.0.0.202105311346/tools/bin/../lib/gcc/arm-none-eabi/9.3.1/thumb/v6-m/nofp\libgcc.a
LOAD c:/st/stm32cubeide_1.7.0/stm32cubeide/plugins/com.st.stm32cube.ide.mcu.externaltools.gnu-tools-for-stm32.9-2020-q2-update.win32_2.0.0.202105311346/tools/bin/../lib/gcc/arm-none-eabi/9.3.1/../../../../arm-none-eabi/lib/thumb/v6-m/nofp\libc_nano.a
LOAD c:/st/stm32cubeide_1.7.0/stm32cubeide/plugins/com.st.stm32cube.ide.mcu.externaltools.gnu-tools-for-stm32.9-2020-q2-update.win32_2.0.0.202105311346/tools/bin/../lib/gcc/arm-none-eabi/9.3.1/../../../../arm-none-eabi/lib/thumb/v6-m/nofp\libnosys.a
END GROUP
LOAD c:/st/stm32cubeide_1.7.0/stm32cubeide/plugins/com.st.stm32cube.ide.mcu.externaltools.gnu-tools-for-stm32.9-2020-q2-update.win32_2.0.0.202105311346/tools/bin/../lib/gcc/arm-none-eabi/9.3.1/thumb/v6-m/nofp/crtend.o
LOAD c:/st/stm32cubeide_1.7.0/stm32cubeide/plugins/com.st.stm32cube.ide.mcu.externaltools.gnu-tools-for-stm32.9-2020-q2-update.win32_2.0.0.202105311346/tools/bin/../lib/gcc/arm-none-eabi/9.3.1/thumb/v6-m/nofp/crtn.o
                0x0000000020004000                _estack = (ORIGIN (RAM) + LENGTH (RAM))
                0x0000000000000200                _Min_Heap_Size = 0x200
                0x0000000000000400                _Min_Stack_Size = 0x400

.isr_vector     0x0000000008000000       0xc0
                0x0000000008000000                . = ALIGN (0x4)
 *(.isr_vector)
 .isr_vector    0x0000000008000000       0xc0 ./Core/Startup/startup_stm32f072rbtx.o
                0x0000000008000000                g_pfnVectors
                0x00000000080000c0                . = ALIGN (0x4)

.text           0x00000000080000c0     0x8f1c
                0x00000000080000c0                . = ALIGN (0x4)
 *(.text)
 .text          0x00000000080000c0       0x48 c:/st/stm32cubeide_1.7.0/stm32cubeide/plugins/com.st.stm32cube.ide.mcu.externaltools.gnu-tools-for-stm32.9-2020-q2-update.win32_2.0.0.202105311346/tools/bin/../lib/gcc/arm-none-eabi/9.3.1/thumb/v6-m/nofp/crtbegin.o
 .text          0x0000000008000108      0x114 c:/st/stm32cubeide_1.7.0/stm32cubeide/plugins/com.st.stm32cube.ide.mcu.externaltools.gnu-tools-for-stm32.9-2020-q2-update.win32_2.0.0.202105311346/tools/bin/../lib/gcc/arm-none-eabi/9.3.1/thumb/v6-m/nofp\libgcc.a(_udivsi3.o)
                0x0000000008000108                __aeabi_uidiv
                0x0000000008000108                __udivsi3
                0x0000000008000214                __aeabi_uidivmod
 .text          0x000000000800021c        0x4 c:/st/stm32cubeide_1.7.0/stm32cubeide/plugins/com.st.stm32cube.ide.mcu.externaltools.gnu-tools-for-stm32.9-2020-q2-update.win32_2.0.0.202105311346/tools/bin/../lib/gcc/arm-none-eabi/9.3.1/thumb/v6-m/nofp\libgcc.a(_dvmd_tls.o)
                0x000000000800021c                __aeabi_idiv0
                0x000000000800021c                __aeabi_ldiv0
 *(.text*)
 .text.ToChar   0x0000000008000220       0x5a ./Core/Src/main.o
                0x0000000008000220                ToChar
 .text.FromChar
                0x000000000800027a       0x62 ./Core/Src/main.o
                0x000000000800027a                FromChar
 .text.HAL_CAN_RxFifo0MsgPendingCallback
                0x00000000080002dc      0x418 ./Core/Src/main.o
                0x00000000080002dc                HAL_CAN_RxFifo0MsgPendingCallback
 .text.main     0x00000000080006f4      0x238 ./Core/Src/main.o
                0x00000000080006f4                main
 .text.SystemClock_Config
                0x000000000800092c       0xc6 ./Core/Src/main.o
                0x000000000800092c                SystemClock_Config
 *fill*         0x00000000080009f2        0x2 
 .text.MX_GPIO_Init
                0x00000000080009f4       0xb0 ./Core/Src/main.o
 .text.MX_CAN_Init_250
                0x0000000008000aa4       0xcc ./Core/Src/main.o
                0x0000000008000aa4                MX_CAN_Init_250
 .text.MX_CAN_Init_500
                0x0000000008000b70       0xcc ./Core/Src/main.o
                0x0000000008000b70                MX_CAN_Init_500
 .text.Error_Handler
                0x0000000008000c3c        0xa ./Core/Src/main.o
                0x0000000008000c3c                Error_Handler
 *fill*         0x0000000008000c46        0x2 
 .text.HAL_MspInit
                0x0000000008000c48       0x48 ./Core/Src/stm32f0xx_hal_msp.o
                0x0000000008000c48                HAL_MspInit
 .text.HAL_CAN_MspInit
                0x0000000008000c90       0xac ./Core/Src/stm32f0xx_hal_msp.o
                0x0000000008000c90                HAL_CAN_MspInit
 .text.NMI_Handler
                0x0000000008000d3c        0x6 ./Core/Src/stm32f0xx_it.o
                0x0000000008000d3c                NMI_Handler
 .text.HardFault_Handler
                0x0000000008000d42        0x6 ./Core/Src/stm32f0xx_it.o
                0x0000000008000d42                HardFault_Handler
 .text.SVC_Handler
                0x0000000008000d48        0xa ./Core/Src/stm32f0xx_it.o
                0x0000000008000d48                SVC_Handler
 .text.PendSV_Handler
                0x0000000008000d52        0xa ./Core/Src/stm32f0xx_it.o
                0x0000000008000d52                PendSV_Handler
 .text.SysTick_Handler
                0x0000000008000d5c        0xe ./Core/Src/stm32f0xx_it.o
                0x0000000008000d5c                SysTick_Handler
 *fill*         0x0000000008000d6a        0x2 
 .text.CEC_CAN_IRQHandler
                0x0000000008000d6c       0x18 ./Core/Src/stm32f0xx_it.o
                0x0000000008000d6c                CEC_CAN_IRQHandler
 .text.USB_IRQHandler
                0x0000000008000d84       0x18 ./Core/Src/stm32f0xx_it.o
                0x0000000008000d84                USB_IRQHandler
 .text.SystemInit
                0x0000000008000d9c        0xa ./Core/Src/system_stm32f0xx.o
                0x0000000008000d9c                SystemInit
 *fill*         0x0000000008000da6        0x2 
 .text.Reset_Handler
                0x0000000008000da8       0x50 ./Core/Startup/startup_stm32f072rbtx.o
                0x0000000008000da8                Reset_Handler
 .text.Default_Handler
                0x0000000008000df8        0x2 ./Core/Startup/startup_stm32f072rbtx.o
                0x0000000008000df8                TIM1_CC_IRQHandler
                0x0000000008000df8                TSC_IRQHandler
                0x0000000008000df8                ADC1_COMP_IRQHandler
                0x0000000008000df8                I2C1_IRQHandler
                0x0000000008000df8                RCC_CRS_IRQHandler
                0x0000000008000df8                SPI1_IRQHandler
                0x0000000008000df8                TIM6_DAC_IRQHandler
                0x0000000008000df8                USART3_4_IRQHandler
                0x0000000008000df8                EXTI2_3_IRQHandler
                0x0000000008000df8                I2C2_IRQHandler
                0x0000000008000df8                TIM17_IRQHandler
                0x0000000008000df8                RTC_IRQHandler
                0x0000000008000df8                PVD_VDDIO2_IRQHandler
                0x0000000008000df8                DMA1_Channel4_5_6_7_IRQHandler
                0x0000000008000df8                TIM16_IRQHandler
                0x0000000008000df8                TIM3_IRQHandler
                0x0000000008000df8                EXTI4_15_IRQHandler
                0x0000000008000df8                DMA1_Channel1_IRQHandler
                0x0000000008000df8                Default_Handler
                0x0000000008000df8                TIM14_IRQHandler
                0x0000000008000df8                TIM7_IRQHandler
                0x0000000008000df8                TIM15_IRQHandler
                0x0000000008000df8                EXTI0_1_IRQHandler
                0x0000000008000df8                SPI2_IRQHandler
                0x0000000008000df8                WWDG_IRQHandler
                0x0000000008000df8                TIM2_IRQHandler
                0x0000000008000df8                DMA1_Channel2_3_IRQHandler
                0x0000000008000df8                USART2_IRQHandler
                0x0000000008000df8                FLASH_IRQHandler
                0x0000000008000df8                USART1_IRQHandler
                0x0000000008000df8                TIM1_BRK_UP_TRG_COM_IRQHandler
 *fill*         0x0000000008000dfa        0x2 
 .text.HAL_Init
                0x0000000008000dfc       0x28 ./Drivers/STM32F0xx_HAL_Driver/Src/stm32f0xx_hal.o
                0x0000000008000dfc                HAL_Init
 .text.HAL_InitTick
                0x0000000008000e24       0x68 ./Drivers/STM32F0xx_HAL_Driver/Src/stm32f0xx_hal.o
                0x0000000008000e24                HAL_InitTick
 .text.HAL_IncTick
                0x0000000008000e8c       0x24 ./Drivers/STM32F0xx_HAL_Driver/Src/stm32f0xx_hal.o
                0x0000000008000e8c                HAL_IncTick
 .text.HAL_GetTick
                0x0000000008000eb0       0x14 ./Drivers/STM32F0xx_HAL_Driver/Src/stm32f0xx_hal.o
                0x0000000008000eb0                HAL_GetTick
 .text.HAL_CAN_Init
                0x0000000008000ec4      0x1fc ./Drivers/STM32F0xx_HAL_Driver/Src/stm32f0xx_hal_can.o
                0x0000000008000ec4                HAL_CAN_Init
 .text.HAL_CAN_ConfigFilter
                0x00000000080010c0      0x1e4 ./Drivers/STM32F0xx_HAL_Driver/Src/stm32f0xx_hal_can.o
                0x00000000080010c0                HAL_CAN_ConfigFilter
 .text.HAL_CAN_Start
                0x00000000080012a4       0x8c ./Drivers/STM32F0xx_HAL_Driver/Src/stm32f0xx_hal_can.o
                0x00000000080012a4                HAL_CAN_Start
 .text.HAL_CAN_AddTxMessage
                0x0000000008001330      0x1bc ./Drivers/STM32F0xx_HAL_Driver/Src/stm32f0xx_hal_can.o
                0x0000000008001330                HAL_CAN_AddTxMessage
 .text.HAL_CAN_GetRxMessage
                0x00000000080014ec      0x238 ./Drivers/STM32F0xx_HAL_Driver/Src/stm32f0xx_hal_can.o
                0x00000000080014ec                HAL_CAN_GetRxMessage
 .text.HAL_CAN_ActivateNotification
                0x0000000008001724       0x54 ./Drivers/STM32F0xx_HAL_Driver/Src/stm32f0xx_hal_can.o
                0x0000000008001724                HAL_CAN_ActivateNotification
 .text.HAL_CAN_IRQHandler
                0x0000000008001778      0x368 ./Drivers/STM32F0xx_HAL_Driver/Src/stm32f0xx_hal_can.o
                0x0000000008001778                HAL_CAN_IRQHandler
 .text.HAL_CAN_TxMailbox0CompleteCallback
                0x0000000008001ae0       0x10 ./Drivers/STM32F0xx_HAL_Driver/Src/stm32f0xx_hal_can.o
                0x0000000008001ae0                HAL_CAN_TxMailbox0CompleteCallback
 .text.HAL_CAN_TxMailbox1CompleteCallback
                0x0000000008001af0       0x10 ./Drivers/STM32F0xx_HAL_Driver/Src/stm32f0xx_hal_can.o
                0x0000000008001af0                HAL_CAN_TxMailbox1CompleteCallback
 .text.HAL_CAN_TxMailbox2CompleteCallback
                0x0000000008001b00       0x10 ./Drivers/STM32F0xx_HAL_Driver/Src/stm32f0xx_hal_can.o
                0x0000000008001b00                HAL_CAN_TxMailbox2CompleteCallback
 .text.HAL_CAN_TxMailbox0AbortCallback
                0x0000000008001b10       0x10 ./Drivers/STM32F0xx_HAL_Driver/Src/stm32f0xx_hal_can.o
                0x0000000008001b10                HAL_CAN_TxMailbox0AbortCallback
 .text.HAL_CAN_TxMailbox1AbortCallback
                0x0000000008001b20       0x10 ./Drivers/STM32F0xx_HAL_Driver/Src/stm32f0xx_hal_can.o
                0x0000000008001b20                HAL_CAN_TxMailbox1AbortCallback
 .text.HAL_CAN_TxMailbox2AbortCallback
                0x0000000008001b30       0x10 ./Drivers/STM32F0xx_HAL_Driver/Src/stm32f0xx_hal_can.o
                0x0000000008001b30                HAL_CAN_TxMailbox2AbortCallback
 .text.HAL_CAN_RxFifo0FullCallback
                0x0000000008001b40       0x10 ./Drivers/STM32F0xx_HAL_Driver/Src/stm32f0xx_hal_can.o
                0x0000000008001b40                HAL_CAN_RxFifo0FullCallback
 .text.HAL_CAN_RxFifo1MsgPendingCallback
                0x0000000008001b50       0x10 ./Drivers/STM32F0xx_HAL_Driver/Src/stm32f0xx_hal_can.o
                0x0000000008001b50                HAL_CAN_RxFifo1MsgPendingCallback
 .text.HAL_CAN_RxFifo1FullCallback
                0x0000000008001b60       0x10 ./Drivers/STM32F0xx_HAL_Driver/Src/stm32f0xx_hal_can.o
                0x0000000008001b60                HAL_CAN_RxFifo1FullCallback
 .text.HAL_CAN_SleepCallback
                0x0000000008001b70       0x10 ./Drivers/STM32F0xx_HAL_Driver/Src/stm32f0xx_hal_can.o
                0x0000000008001b70                HAL_CAN_SleepCallback
 .text.HAL_CAN_WakeUpFromRxMsgCallback
                0x0000000008001b80       0x10 ./Drivers/STM32F0xx_HAL_Driver/Src/stm32f0xx_hal_can.o
                0x0000000008001b80                HAL_CAN_WakeUpFromRxMsgCallback
 .text.HAL_CAN_ErrorCallback
                0x0000000008001b90       0x10 ./Drivers/STM32F0xx_HAL_Driver/Src/stm32f0xx_hal_can.o
                0x0000000008001b90                HAL_CAN_ErrorCallback
 .text.__NVIC_EnableIRQ
                0x0000000008001ba0       0x34 ./Drivers/STM32F0xx_HAL_Driver/Src/stm32f0xx_hal_cortex.o
 .text.__NVIC_SetPriority
                0x0000000008001bd4       0xdc ./Drivers/STM32F0xx_HAL_Driver/Src/stm32f0xx_hal_cortex.o
 .text.SysTick_Config
                0x0000000008001cb0       0x48 ./Drivers/STM32F0xx_HAL_Driver/Src/stm32f0xx_hal_cortex.o
 .text.HAL_NVIC_SetPriority
                0x0000000008001cf8       0x2a ./Drivers/STM32F0xx_HAL_Driver/Src/stm32f0xx_hal_cortex.o
                0x0000000008001cf8                HAL_NVIC_SetPriority
 .text.HAL_NVIC_EnableIRQ
                0x0000000008001d22       0x20 ./Drivers/STM32F0xx_HAL_Driver/Src/stm32f0xx_hal_cortex.o
                0x0000000008001d22                HAL_NVIC_EnableIRQ
 .text.HAL_SYSTICK_Config
                0x0000000008001d42       0x1a ./Drivers/STM32F0xx_HAL_Driver/Src/stm32f0xx_hal_cortex.o
                0x0000000008001d42                HAL_SYSTICK_Config
 .text.HAL_GPIO_Init
                0x0000000008001d5c      0x2f0 ./Drivers/STM32F0xx_HAL_Driver/Src/stm32f0xx_hal_gpio.o
                0x0000000008001d5c                HAL_GPIO_Init
 .text.HAL_GPIO_WritePin
                0x000000000800204c       0x3a ./Drivers/STM32F0xx_HAL_Driver/Src/stm32f0xx_hal_gpio.o
                0x000000000800204c                HAL_GPIO_WritePin
 *fill*         0x0000000008002086        0x2 
 .text.HAL_PCD_Init
                0x0000000008002088      0x220 ./Drivers/STM32F0xx_HAL_Driver/Src/stm32f0xx_hal_pcd.o
                0x0000000008002088                HAL_PCD_Init
 .text.HAL_PCD_Start
                0x00000000080022a8       0x4a ./Drivers/STM32F0xx_HAL_Driver/Src/stm32f0xx_hal_pcd.o
                0x00000000080022a8                HAL_PCD_Start
 *fill*         0x00000000080022f2        0x2 
 .text.HAL_PCD_IRQHandler
                0x00000000080022f4      0x2f8 ./Drivers/STM32F0xx_HAL_Driver/Src/stm32f0xx_hal_pcd.o
                0x00000000080022f4                HAL_PCD_IRQHandler
 .text.HAL_PCD_SetAddress
                0x00000000080025ec       0x56 ./Drivers/STM32F0xx_HAL_Driver/Src/stm32f0xx_hal_pcd.o
                0x00000000080025ec                HAL_PCD_SetAddress
 .text.HAL_PCD_EP_Open
                0x0000000008002642       0xf0 ./Drivers/STM32F0xx_HAL_Driver/Src/stm32f0xx_hal_pcd.o
                0x0000000008002642                HAL_PCD_EP_Open
 .text.HAL_PCD_EP_Close
                0x0000000008002732       0xa2 ./Drivers/STM32F0xx_HAL_Driver/Src/stm32f0xx_hal_pcd.o
                0x0000000008002732                HAL_PCD_EP_Close
 .text.HAL_PCD_EP_Receive
                0x00000000080027d4       0x88 ./Drivers/STM32F0xx_HAL_Driver/Src/stm32f0xx_hal_pcd.o
                0x00000000080027d4                HAL_PCD_EP_Receive
 .text.HAL_PCD_EP_GetRxCount
                0x000000000800285c       0x32 ./Drivers/STM32F0xx_HAL_Driver/Src/stm32f0xx_hal_pcd.o
                0x000000000800285c                HAL_PCD_EP_GetRxCount
 .text.HAL_PCD_EP_Transmit
                0x000000000800288e       0x92 ./Drivers/STM32F0xx_HAL_Driver/Src/stm32f0xx_hal_pcd.o
                0x000000000800288e                HAL_PCD_EP_Transmit
 .text.HAL_PCD_EP_SetStall
                0x0000000008002920       0xb8 ./Drivers/STM32F0xx_HAL_Driver/Src/stm32f0xx_hal_pcd.o
                0x0000000008002920                HAL_PCD_EP_SetStall
 .text.HAL_PCD_EP_ClrStall
                0x00000000080029d8       0xbc ./Drivers/STM32F0xx_HAL_Driver/Src/stm32f0xx_hal_pcd.o
                0x00000000080029d8                HAL_PCD_EP_ClrStall
 .text.PCD_EP_ISR_Handler
                0x0000000008002a94      0x7e4 ./Drivers/STM32F0xx_HAL_Driver/Src/stm32f0xx_hal_pcd.o
 .text.HAL_PCD_EP_DB_Receive
                0x0000000008003278      0x238 ./Drivers/STM32F0xx_HAL_Driver/Src/stm32f0xx_hal_pcd.o
 .text.HAL_PCD_EP_DB_Transmit
                0x00000000080034b0      0x7b4 ./Drivers/STM32F0xx_HAL_Driver/Src/stm32f0xx_hal_pcd.o
 .text.HAL_PCDEx_PMAConfig
                0x0000000008003c64       0x9c ./Drivers/STM32F0xx_HAL_Driver/Src/stm32f0xx_hal_pcd_ex.o
                0x0000000008003c64                HAL_PCDEx_PMAConfig
 .text.HAL_PCDEx_ActivateLPM
                0x0000000008003d00       0x54 ./Drivers/STM32F0xx_HAL_Driver/Src/stm32f0xx_hal_pcd_ex.o
                0x0000000008003d00                HAL_PCDEx_ActivateLPM
 .text.HAL_PCDEx_LPM_Callback
                0x0000000008003d54       0x16 ./Drivers/STM32F0xx_HAL_Driver/Src/stm32f0xx_hal_pcd_ex.o
                0x0000000008003d54                HAL_PCDEx_LPM_Callback
 *fill*         0x0000000008003d6a        0x2 
 .text.HAL_RCC_OscConfig
                0x0000000008003d6c      0x70c ./Drivers/STM32F0xx_HAL_Driver/Src/stm32f0xx_hal_rcc.o
                0x0000000008003d6c                HAL_RCC_OscConfig
 .text.HAL_RCC_ClockConfig
                0x0000000008004478      0x1b4 ./Drivers/STM32F0xx_HAL_Driver/Src/stm32f0xx_hal_rcc.o
                0x0000000008004478                HAL_RCC_ClockConfig
 .text.HAL_RCC_GetSysClockFreq
                0x000000000800462c      0x100 ./Drivers/STM32F0xx_HAL_Driver/Src/stm32f0xx_hal_rcc.o
                0x000000000800462c                HAL_RCC_GetSysClockFreq
 .text.HAL_RCCEx_PeriphCLKConfig
                0x000000000800472c      0x1fc ./Drivers/STM32F0xx_HAL_Driver/Src/stm32f0xx_hal_rcc_ex.o
                0x000000000800472c                HAL_RCCEx_PeriphCLKConfig
 .text.USB_EnableGlobalInt
                0x0000000008004928       0x2c ./Drivers/STM32F0xx_HAL_Driver/Src/stm32f0xx_ll_usb.o
                0x0000000008004928                USB_EnableGlobalInt
 .text.USB_DisableGlobalInt
                0x0000000008004954       0x34 ./Drivers/STM32F0xx_HAL_Driver/Src/stm32f0xx_ll_usb.o
                0x0000000008004954                USB_DisableGlobalInt
 .text.USB_DevInit
                0x0000000008004988       0x58 ./Drivers/STM32F0xx_HAL_Driver/Src/stm32f0xx_ll_usb.o
                0x0000000008004988                USB_DevInit
 .text.USB_ActivateEndpoint
                0x00000000080049e0      0x6e8 ./Drivers/STM32F0xx_HAL_Driver/Src/stm32f0xx_ll_usb.o
                0x00000000080049e0                USB_ActivateEndpoint
 .text.USB_DeactivateEndpoint
                0x00000000080050c8      0x380 ./Drivers/STM32F0xx_HAL_Driver/Src/stm32f0xx_ll_usb.o
                0x00000000080050c8                USB_DeactivateEndpoint
 .text.USB_EPStartXfer
                0x0000000008005448     0x1174 ./Drivers/STM32F0xx_HAL_Driver/Src/stm32f0xx_ll_usb.o
                0x0000000008005448                USB_EPStartXfer
 .text.USB_EPSetStall
                0x00000000080065bc       0xa0 ./Drivers/STM32F0xx_HAL_Driver/Src/stm32f0xx_ll_usb.o
                0x00000000080065bc                USB_EPSetStall
 .text.USB_EPClearStall
                0x000000000800665c      0x164 ./Drivers/STM32F0xx_HAL_Driver/Src/stm32f0xx_ll_usb.o
                0x000000000800665c                USB_EPClearStall
 .text.USB_SetDevAddress
                0x00000000080067c0       0x28 ./Drivers/STM32F0xx_HAL_Driver/Src/stm32f0xx_ll_usb.o
                0x00000000080067c0                USB_SetDevAddress
 .text.USB_DevConnect
                0x00000000080067e8       0x2c ./Drivers/STM32F0xx_HAL_Driver/Src/stm32f0xx_ll_usb.o
                0x00000000080067e8                USB_DevConnect
 .text.USB_ReadInterrupts
                0x0000000008006814       0x1c ./Drivers/STM32F0xx_HAL_Driver/Src/stm32f0xx_ll_usb.o
                0x0000000008006814                USB_ReadInterrupts
 .text.USB_WritePMA
                0x0000000008006830       0x88 ./Drivers/STM32F0xx_HAL_Driver/Src/stm32f0xx_ll_usb.o
                0x0000000008006830                USB_WritePMA
 .text.USB_ReadPMA
                0x00000000080068b8       0x9e ./Drivers/STM32F0xx_HAL_Driver/Src/stm32f0xx_ll_usb.o
                0x00000000080068b8                USB_ReadPMA
 .text.USBD_CDC_Init
                0x0000000008006956      0x118 ./Middlewares/ST/STM32_USB_Device_Library/Class/CDC/Src/usbd_cdc.o
 .text.USBD_CDC_DeInit
                0x0000000008006a6e       0x88 ./Middlewares/ST/STM32_USB_Device_Library/Class/CDC/Src/usbd_cdc.o
 *fill*         0x0000000008006af6        0x2 
 .text.USBD_CDC_Setup
                0x0000000008006af8      0x190 ./Middlewares/ST/STM32_USB_Device_Library/Class/CDC/Src/usbd_cdc.o
 .text.USBD_CDC_DataIn
                0x0000000008006c88       0xb6 ./Middlewares/ST/STM32_USB_Device_Library/Class/CDC/Src/usbd_cdc.o
 .text.USBD_CDC_DataOut
                0x0000000008006d3e       0x6a ./Middlewares/ST/STM32_USB_Device_Library/Class/CDC/Src/usbd_cdc.o
 .text.USBD_CDC_EP0_RxReady
                0x0000000008006da8       0x60 ./Middlewares/ST/STM32_USB_Device_Library/Class/CDC/Src/usbd_cdc.o
 .text.USBD_CDC_GetFSCfgDesc
                0x0000000008006e08       0x1c ./Middlewares/ST/STM32_USB_Device_Library/Class/CDC/Src/usbd_cdc.o
 .text.USBD_CDC_GetHSCfgDesc
                0x0000000008006e24       0x1c ./Middlewares/ST/STM32_USB_Device_Library/Class/CDC/Src/usbd_cdc.o
 .text.USBD_CDC_GetOtherSpeedCfgDesc
                0x0000000008006e40       0x1c ./Middlewares/ST/STM32_USB_Device_Library/Class/CDC/Src/usbd_cdc.o
 .text.USBD_CDC_GetDeviceQualifierDescriptor
                0x0000000008006e5c       0x1c ./Middlewares/ST/STM32_USB_Device_Library/Class/CDC/Src/usbd_cdc.o
                0x0000000008006e5c                USBD_CDC_GetDeviceQualifierDescriptor
 .text.USBD_CDC_RegisterInterface
                0x0000000008006e78       0x36 ./Middlewares/ST/STM32_USB_Device_Library/Class/CDC/Src/usbd_cdc.o
                0x0000000008006e78                USBD_CDC_RegisterInterface
 .text.USBD_CDC_SetTxBuffer
                0x0000000008006eae       0x38 ./Middlewares/ST/STM32_USB_Device_Library/Class/CDC/Src/usbd_cdc.o
                0x0000000008006eae                USBD_CDC_SetTxBuffer
 .text.USBD_CDC_SetRxBuffer
                0x0000000008006ee6       0x28 ./Middlewares/ST/STM32_USB_Device_Library/Class/CDC/Src/usbd_cdc.o
                0x0000000008006ee6                USBD_CDC_SetRxBuffer
 .text.USBD_CDC_TransmitPacket
                0x0000000008006f0e       0x6e ./Middlewares/ST/STM32_USB_Device_Library/Class/CDC/Src/usbd_cdc.o
                0x0000000008006f0e                USBD_CDC_TransmitPacket
 .text.USBD_CDC_ReceivePacket
                0x0000000008006f7c       0x5c ./Middlewares/ST/STM32_USB_Device_Library/Class/CDC/Src/usbd_cdc.o
                0x0000000008006f7c                USBD_CDC_ReceivePacket
 .text.USBD_Init
                0x0000000008006fd8       0x62 ./Middlewares/ST/STM32_USB_Device_Library/Core/Src/usbd_core.o
                0x0000000008006fd8                USBD_Init
 .text.USBD_RegisterClass
                0x000000000800703a       0x40 ./Middlewares/ST/STM32_USB_Device_Library/Core/Src/usbd_core.o
                0x000000000800703a                USBD_RegisterClass
 .text.USBD_Start
                0x000000000800707a       0x1a ./Middlewares/ST/STM32_USB_Device_Library/Core/Src/usbd_core.o
                0x000000000800707a                USBD_Start
 .text.USBD_RunTestMode
                0x0000000008007094       0x12 ./Middlewares/ST/STM32_USB_Device_Library/Core/Src/usbd_core.o
                0x0000000008007094                USBD_RunTestMode
 .text.USBD_SetClassConfig
                0x00000000080070a6       0x4e ./Middlewares/ST/STM32_USB_Device_Library/Core/Src/usbd_core.o
                0x00000000080070a6                USBD_SetClassConfig
 .text.USBD_ClrClassConfig
                0x00000000080070f4       0x2c ./Middlewares/ST/STM32_USB_Device_Library/Core/Src/usbd_core.o
                0x00000000080070f4                USBD_ClrClassConfig
 .text.USBD_LL_SetupStage
                0x0000000008007120       0xbc ./Middlewares/ST/STM32_USB_Device_Library/Core/Src/usbd_core.o
                0x0000000008007120                USBD_LL_SetupStage
 .text.USBD_LL_DataOutStage
                0x00000000080071dc      0x104 ./Middlewares/ST/STM32_USB_Device_Library/Core/Src/usbd_core.o
                0x00000000080071dc                USBD_LL_DataOutStage
 .text.USBD_LL_DataInStage
                0x00000000080072e0      0x17a ./Middlewares/ST/STM32_USB_Device_Library/Core/Src/usbd_core.o
                0x00000000080072e0                USBD_LL_DataInStage
 .text.USBD_LL_Reset
                0x000000000800745a       0x90 ./Middlewares/ST/STM32_USB_Device_Library/Core/Src/usbd_core.o
                0x000000000800745a                USBD_LL_Reset
 .text.USBD_LL_SetSpeed
                0x00000000080074ea       0x20 ./Middlewares/ST/STM32_USB_Device_Library/Core/Src/usbd_core.o
                0x00000000080074ea                USBD_LL_SetSpeed
 *fill*         0x000000000800750a        0x2 
 .text.USBD_LL_Suspend
                0x000000000800750c       0x30 ./Middlewares/ST/STM32_USB_Device_Library/Core/Src/usbd_core.o
                0x000000000800750c                USBD_LL_Suspend
 .text.USBD_LL_Resume
                0x000000000800753c       0x30 ./Middlewares/ST/STM32_USB_Device_Library/Core/Src/usbd_core.o
                0x000000000800753c                USBD_LL_Resume
 .text.USBD_LL_SOF
                0x000000000800756c       0x3c ./Middlewares/ST/STM32_USB_Device_Library/Core/Src/usbd_core.o
                0x000000000800756c                USBD_LL_SOF
 .text.USBD_StdDevReq
                0x00000000080075a8       0xe4 ./Middlewares/ST/STM32_USB_Device_Library/Core/Src/usbd_ctlreq.o
                0x00000000080075a8                USBD_StdDevReq
 .text.USBD_StdItfReq
                0x000000000800768c       0xae ./Middlewares/ST/STM32_USB_Device_Library/Core/Src/usbd_ctlreq.o
                0x000000000800768c                USBD_StdItfReq
 .text.USBD_StdEPReq
                0x000000000800773a      0x36c ./Middlewares/ST/STM32_USB_Device_Library/Core/Src/usbd_ctlreq.o
                0x000000000800773a                USBD_StdEPReq
 *fill*         0x0000000008007aa6        0x2 
 .text.USBD_GetDescriptor
                0x0000000008007aa8      0x364 ./Middlewares/ST/STM32_USB_Device_Library/Core/Src/usbd_ctlreq.o
 .text.USBD_SetAddress
                0x0000000008007e0c       0xa8 ./Middlewares/ST/STM32_USB_Device_Library/Core/Src/usbd_ctlreq.o
 .text.USBD_SetConfig
                0x0000000008007eb4      0x148 ./Middlewares/ST/STM32_USB_Device_Library/Core/Src/usbd_ctlreq.o
 .text.USBD_GetConfig
                0x0000000008007ffc       0x76 ./Middlewares/ST/STM32_USB_Device_Library/Core/Src/usbd_ctlreq.o
 .text.USBD_GetStatus
                0x0000000008008072       0x74 ./Middlewares/ST/STM32_USB_Device_Library/Core/Src/usbd_ctlreq.o
 .text.USBD_SetFeature
                0x00000000080080e6       0x2c ./Middlewares/ST/STM32_USB_Device_Library/Core/Src/usbd_ctlreq.o
 .text.USBD_ClrFeature
                0x0000000008008112       0x4c ./Middlewares/ST/STM32_USB_Device_Library/Core/Src/usbd_ctlreq.o
 .text.USBD_ParseSetupRequest
                0x000000000800815e       0x76 ./Middlewares/ST/STM32_USB_Device_Library/Core/Src/usbd_ctlreq.o
                0x000000000800815e                USBD_ParseSetupRequest
 .text.USBD_CtlError
                0x00000000080081d4       0x26 ./Middlewares/ST/STM32_USB_Device_Library/Core/Src/usbd_ctlreq.o
                0x00000000080081d4                USBD_CtlError
 .text.USBD_GetString
                0x00000000080081fa       0x9c ./Middlewares/ST/STM32_USB_Device_Library/Core/Src/usbd_ctlreq.o
                0x00000000080081fa                USBD_GetString
 .text.USBD_GetLen
                0x0000000008008296       0x3a ./Middlewares/ST/STM32_USB_Device_Library/Core/Src/usbd_ctlreq.o
 .text.USBD_CtlSendData
                0x00000000080082d0       0x40 ./Middlewares/ST/STM32_USB_Device_Library/Core/Src/usbd_ioreq.o
                0x00000000080082d0                USBD_CtlSendData
 .text.USBD_CtlContinueSendData
                0x0000000008008310       0x26 ./Middlewares/ST/STM32_USB_Device_Library/Core/Src/usbd_ioreq.o
                0x0000000008008310                USBD_CtlContinueSendData
 .text.USBD_CtlPrepareRx
                0x0000000008008336       0x48 ./Middlewares/ST/STM32_USB_Device_Library/Core/Src/usbd_ioreq.o
                0x0000000008008336                USBD_CtlPrepareRx
 .text.USBD_CtlContinueRx
                0x000000000800837e       0x26 ./Middlewares/ST/STM32_USB_Device_Library/Core/Src/usbd_ioreq.o
                0x000000000800837e                USBD_CtlContinueRx
 .text.USBD_CtlSendStatus
                0x00000000080083a4       0x28 ./Middlewares/ST/STM32_USB_Device_Library/Core/Src/usbd_ioreq.o
                0x00000000080083a4                USBD_CtlSendStatus
 .text.USBD_CtlReceiveStatus
                0x00000000080083cc       0x28 ./Middlewares/ST/STM32_USB_Device_Library/Core/Src/usbd_ioreq.o
                0x00000000080083cc                USBD_CtlReceiveStatus
 .text.MX_USB_DEVICE_Init
                0x00000000080083f4       0x68 ./USB_DEVICE/App/usb_device.o
                0x00000000080083f4                MX_USB_DEVICE_Init
 .text.CDC_Init_FS
                0x000000000800845c       0x30 ./USB_DEVICE/App/usbd_cdc_if.o
 .text.CDC_DeInit_FS
                0x000000000800848c        0xc ./USB_DEVICE/App/usbd_cdc_if.o
 .text.CDC_Control_FS
                0x0000000008008498       0x38 ./USB_DEVICE/App/usbd_cdc_if.o
 .text.CDC_Receive_FS
                0x00000000080084d0      0x114 ./USB_DEVICE/App/usbd_cdc_if.o
 .text.CDC_Transmit_FS
                0x00000000080085e4       0x70 ./USB_DEVICE/App/usbd_cdc_if.o
                0x00000000080085e4                CDC_Transmit_FS
 .text.USBD_FS_DeviceDescriptor
                0x0000000008008654       0x24 ./USB_DEVICE/App/usbd_desc.o
                0x0000000008008654                USBD_FS_DeviceDescriptor
 .text.USBD_FS_LangIDStrDescriptor
                0x0000000008008678       0x24 ./USB_DEVICE/App/usbd_desc.o
                0x0000000008008678                USBD_FS_LangIDStrDescriptor
 .text.USBD_FS_ProductStrDescriptor
                0x000000000800869c       0x44 ./USB_DEVICE/App/usbd_desc.o
                0x000000000800869c                USBD_FS_ProductStrDescriptor
 .text.USBD_FS_ManufacturerStrDescriptor
                0x00000000080086e0       0x2c ./USB_DEVICE/App/usbd_desc.o
                0x00000000080086e0                USBD_FS_ManufacturerStrDescriptor
 .text.USBD_FS_SerialStrDescriptor
                0x000000000800870c       0x28 ./USB_DEVICE/App/usbd_desc.o
                0x000000000800870c                USBD_FS_SerialStrDescriptor
 .text.USBD_FS_ConfigStrDescriptor
                0x0000000008008734       0x44 ./USB_DEVICE/App/usbd_desc.o
                0x0000000008008734                USBD_FS_ConfigStrDescriptor
 .text.USBD_FS_InterfaceStrDescriptor
                0x0000000008008778       0x44 ./USB_DEVICE/App/usbd_desc.o
                0x0000000008008778                USBD_FS_InterfaceStrDescriptor
 .text.Get_SerialNum
                0x00000000080087bc       0x5c ./USB_DEVICE/App/usbd_desc.o
 .text.IntToUnicode
                0x0000000008008818       0x96 ./USB_DEVICE/App/usbd_desc.o
 *fill*         0x00000000080088ae        0x2 
 .text.HAL_PCD_MspInit
                0x00000000080088b0       0x50 ./USB_DEVICE/Target/usbd_conf.o
                0x00000000080088b0                HAL_PCD_MspInit
 .text.HAL_PCD_SetupStageCallback
                0x0000000008008900       0x2a ./USB_DEVICE/Target/usbd_conf.o
                0x0000000008008900                HAL_PCD_SetupStageCallback
 .text.HAL_PCD_DataOutStageCallback
                0x000000000800892a       0x42 ./USB_DEVICE/Target/usbd_conf.o
                0x000000000800892a                HAL_PCD_DataOutStageCallback
 .text.HAL_PCD_DataInStageCallback
                0x000000000800896c       0x3c ./USB_DEVICE/Target/usbd_conf.o
                0x000000000800896c                HAL_PCD_DataInStageCallback
 .text.HAL_PCD_SOFCallback
                0x00000000080089a8       0x1e ./USB_DEVICE/Target/usbd_conf.o
                0x00000000080089a8                HAL_PCD_SOFCallback
 .text.HAL_PCD_ResetCallback
                0x00000000080089c6       0x48 ./USB_DEVICE/Target/usbd_conf.o
                0x00000000080089c6                HAL_PCD_ResetCallback
 *fill*         0x0000000008008a0e        0x2 
 .text.HAL_PCD_SuspendCallback
                0x0000000008008a10       0x38 ./USB_DEVICE/Target/usbd_conf.o
                0x0000000008008a10                HAL_PCD_SuspendCallback
 .text.HAL_PCD_ResumeCallback
                0x0000000008008a48       0x3c ./USB_DEVICE/Target/usbd_conf.o
                0x0000000008008a48                HAL_PCD_ResumeCallback
 .text.USBD_LL_Init
                0x0000000008008a84       0xc8 ./USB_DEVICE/Target/usbd_conf.o
                0x0000000008008a84                USBD_LL_Init
 .text.USBD_LL_Start
                0x0000000008008b4c       0x4a ./USB_DEVICE/Target/usbd_conf.o
                0x0000000008008b4c                USBD_LL_Start
 .text.USBD_LL_OpenEP
                0x0000000008008b96       0x6e ./USB_DEVICE/Target/usbd_conf.o
                0x0000000008008b96                USBD_LL_OpenEP
 .text.USBD_LL_CloseEP
                0x0000000008008c04       0x56 ./USB_DEVICE/Target/usbd_conf.o
                0x0000000008008c04                USBD_LL_CloseEP
 .text.USBD_LL_StallEP
                0x0000000008008c5a       0x56 ./USB_DEVICE/Target/usbd_conf.o
                0x0000000008008c5a                USBD_LL_StallEP
 .text.USBD_LL_ClearStallEP
                0x0000000008008cb0       0x56 ./USB_DEVICE/Target/usbd_conf.o
                0x0000000008008cb0                USBD_LL_ClearStallEP
 .text.USBD_LL_IsStallEP
                0x0000000008008d06       0x62 ./USB_DEVICE/Target/usbd_conf.o
                0x0000000008008d06                USBD_LL_IsStallEP
 .text.USBD_LL_SetUSBAddress
                0x0000000008008d68       0x56 ./USB_DEVICE/Target/usbd_conf.o
                0x0000000008008d68                USBD_LL_SetUSBAddress
 .text.USBD_LL_Transmit
                0x0000000008008dbe       0x6e ./USB_DEVICE/Target/usbd_conf.o
                0x0000000008008dbe                USBD_LL_Transmit
 .text.USBD_LL_PrepareReceive
                0x0000000008008e2c       0x6e ./USB_DEVICE/Target/usbd_conf.o
                0x0000000008008e2c                USBD_LL_PrepareReceive
 .text.USBD_LL_GetRxDataSize
                0x0000000008008e9a       0x2c ./USB_DEVICE/Target/usbd_conf.o
                0x0000000008008e9a                USBD_LL_GetRxDataSize
 *fill*         0x0000000008008ec6        0x2 
 .text.USBD_static_malloc
                0x0000000008008ec8       0x18 ./USB_DEVICE/Target/usbd_conf.o
                0x0000000008008ec8                USBD_static_malloc
 .text.USBD_static_free
                0x0000000008008ee0       0x10 ./USB_DEVICE/Target/usbd_conf.o
                0x0000000008008ee0                USBD_static_free
 .text.SystemClockConfig_Resume
                0x0000000008008ef0        0xe ./USB_DEVICE/Target/usbd_conf.o
 .text.USBD_Get_USB_Status
                0x0000000008008efe       0x6e ./USB_DEVICE/Target/usbd_conf.o
 .text.__libc_init_array
                0x0000000008008f6c       0x48 c:/st/stm32cubeide_1.7.0/stm32cubeide/plugins/com.st.stm32cube.ide.mcu.externaltools.gnu-tools-for-stm32.9-2020-q2-update.win32_2.0.0.202105311346/tools/bin/../lib/gcc/arm-none-eabi/9.3.1/../../../../arm-none-eabi/lib/thumb/v6-m/nofp\libc_nano.a(lib_a-init.o)
                0x0000000008008f6c                __libc_init_array
 .text.memset   0x0000000008008fb4       0x10 c:/st/stm32cubeide_1.7.0/stm32cubeide/plugins/com.st.stm32cube.ide.mcu.externaltools.gnu-tools-for-stm32.9-2020-q2-update.win32_2.0.0.202105311346/tools/bin/../lib/gcc/arm-none-eabi/9.3.1/../../../../arm-none-eabi/lib/thumb/v6-m/nofp\libc_nano.a(lib_a-memset.o)
                0x0000000008008fb4                memset
 *(.glue_7)
 .glue_7        0x0000000008008fc4        0x0 linker stubs
 *(.glue_7t)
 .glue_7t       0x0000000008008fc4        0x0 linker stubs
 *(.eh_frame)
 .eh_frame      0x0000000008008fc4        0x0 c:/st/stm32cubeide_1.7.0/stm32cubeide/plugins/com.st.stm32cube.ide.mcu.externaltools.gnu-tools-for-stm32.9-2020-q2-update.win32_2.0.0.202105311346/tools/bin/../lib/gcc/arm-none-eabi/9.3.1/thumb/v6-m/nofp/crtbegin.o
 *(.init)
 .init          0x0000000008008fc4        0x4 c:/st/stm32cubeide_1.7.0/stm32cubeide/plugins/com.st.stm32cube.ide.mcu.externaltools.gnu-tools-for-stm32.9-2020-q2-update.win32_2.0.0.202105311346/tools/bin/../lib/gcc/arm-none-eabi/9.3.1/thumb/v6-m/nofp/crti.o
                0x0000000008008fc4                _init
 .init          0x0000000008008fc8        0x8 c:/st/stm32cubeide_1.7.0/stm32cubeide/plugins/com.st.stm32cube.ide.mcu.externaltools.gnu-tools-for-stm32.9-2020-q2-update.win32_2.0.0.202105311346/tools/bin/../lib/gcc/arm-none-eabi/9.3.1/thumb/v6-m/nofp/crtn.o
 *(.fini)
 .fini          0x0000000008008fd0        0x4 c:/st/stm32cubeide_1.7.0/stm32cubeide/plugins/com.st.stm32cube.ide.mcu.externaltools.gnu-tools-for-stm32.9-2020-q2-update.win32_2.0.0.202105311346/tools/bin/../lib/gcc/arm-none-eabi/9.3.1/thumb/v6-m/nofp/crti.o
                0x0000000008008fd0                _fini
 .fini          0x0000000008008fd4        0x8 c:/st/stm32cubeide_1.7.0/stm32cubeide/plugins/com.st.stm32cube.ide.mcu.externaltools.gnu-tools-for-stm32.9-2020-q2-update.win32_2.0.0.202105311346/tools/bin/../lib/gcc/arm-none-eabi/9.3.1/thumb/v6-m/nofp/crtn.o
                0x0000000008008fdc                . = ALIGN (0x4)
                0x0000000008008fdc                _etext = .

.vfp11_veneer   0x0000000008008fdc        0x0
 .vfp11_veneer  0x0000000008008fdc        0x0 linker stubs

.v4_bx          0x0000000008008fdc        0x0
 .v4_bx         0x0000000008008fdc        0x0 linker stubs

.iplt           0x0000000008008fdc        0x0
 .iplt          0x0000000008008fdc        0x0 c:/st/stm32cubeide_1.7.0/stm32cubeide/plugins/com.st.stm32cube.ide.mcu.externaltools.gnu-tools-for-stm32.9-2020-q2-update.win32_2.0.0.202105311346/tools/bin/../lib/gcc/arm-none-eabi/9.3.1/thumb/v6-m/nofp/crtbegin.o

.rodata         0x0000000008008fdc      0x160
                0x0000000008008fdc                . = ALIGN (0x4)
 *(.rodata)
 .rodata        0x0000000008008fdc       0x20 ./Drivers/STM32F0xx_HAL_Driver/Src/stm32f0xx_hal_rcc.o
 .rodata        0x0000000008008ffc       0x3e ./USB_DEVICE/App/usbd_desc.o
 *(.rodata*)
 *fill*         0x000000000800903a        0x2 
 .rodata.AHBPrescTable
                0x000000000800903c       0x10 ./Core/Src/system_stm32f0xx.o
                0x000000000800903c                AHBPrescTable
 .rodata.USBD_StdDevReq
                0x000000000800904c       0x28 ./Middlewares/ST/STM32_USB_Device_Library/Core/Src/usbd_ctlreq.o
 .rodata.USBD_GetDescriptor
                0x0000000008009074       0x38 ./Middlewares/ST/STM32_USB_Device_Library/Core/Src/usbd_ctlreq.o
 .rodata.CDC_Control_FS
                0x00000000080090ac       0x90 ./USB_DEVICE/App/usbd_cdc_if.o
                0x000000000800913c                . = ALIGN (0x4)

.rel.dyn        0x000000000800913c        0x0
 .rel.iplt      0x000000000800913c        0x0 c:/st/stm32cubeide_1.7.0/stm32cubeide/plugins/com.st.stm32cube.ide.mcu.externaltools.gnu-tools-for-stm32.9-2020-q2-update.win32_2.0.0.202105311346/tools/bin/../lib/gcc/arm-none-eabi/9.3.1/thumb/v6-m/nofp/crtbegin.o

.ARM.extab      0x000000000800913c        0x0
                0x000000000800913c                . = ALIGN (0x4)
 *(.ARM.extab* .gnu.linkonce.armextab.*)
                0x000000000800913c                . = ALIGN (0x4)

.ARM            0x000000000800913c        0x0
                0x000000000800913c                . = ALIGN (0x4)
                0x000000000800913c                __exidx_start = .
 *(.ARM.exidx*)
                0x000000000800913c                __exidx_end = .
                0x000000000800913c                . = ALIGN (0x4)

.preinit_array  0x000000000800913c        0x0
                0x000000000800913c                . = ALIGN (0x4)
                0x000000000800913c                PROVIDE (__preinit_array_start = .)
 *(.preinit_array*)
                0x000000000800913c                PROVIDE (__preinit_array_end = .)
                0x000000000800913c                . = ALIGN (0x4)

.init_array     0x000000000800913c        0x4
                0x000000000800913c                . = ALIGN (0x4)
                0x000000000800913c                PROVIDE (__init_array_start = .)
 *(SORT_BY_NAME(.init_array.*))
 *(.init_array*)
 .init_array    0x000000000800913c        0x4 c:/st/stm32cubeide_1.7.0/stm32cubeide/plugins/com.st.stm32cube.ide.mcu.externaltools.gnu-tools-for-stm32.9-2020-q2-update.win32_2.0.0.202105311346/tools/bin/../lib/gcc/arm-none-eabi/9.3.1/thumb/v6-m/nofp/crtbegin.o
                0x0000000008009140                PROVIDE (__init_array_end = .)
                0x0000000008009140                . = ALIGN (0x4)

.fini_array     0x0000000008009140        0x4
                0x0000000008009140                . = ALIGN (0x4)
                [!provide]                        PROVIDE (__fini_array_start = .)
 *(SORT_BY_NAME(.fini_array.*))
 *(.fini_array*)
 .fini_array    0x0000000008009140        0x4 c:/st/stm32cubeide_1.7.0/stm32cubeide/plugins/com.st.stm32cube.ide.mcu.externaltools.gnu-tools-for-stm32.9-2020-q2-update.win32_2.0.0.202105311346/tools/bin/../lib/gcc/arm-none-eabi/9.3.1/thumb/v6-m/nofp/crtbegin.o
                [!provide]                        PROVIDE (__fini_array_end = .)
                0x0000000008009144                . = ALIGN (0x4)
                0x0000000008009144                _sidata = LOADADDR (.data)

.data           0x0000000020000000      0x17c load address 0x0000000008009144
                0x0000000020000000                . = ALIGN (0x4)
                0x0000000020000000                _sdata = .
 *(.data)
 *(.data*)
 .data.SystemCoreClock
                0x0000000020000000        0x4 ./Core/Src/system_stm32f0xx.o
                0x0000000020000000                SystemCoreClock
 .data.uwTickPrio
                0x0000000020000004        0x4 ./Drivers/STM32F0xx_HAL_Driver/Src/stm32f0xx_hal.o
                0x0000000020000004                uwTickPrio
 .data.uwTickFreq
                0x0000000020000008        0x1 ./Drivers/STM32F0xx_HAL_Driver/Src/stm32f0xx_hal.o
                0x0000000020000008                uwTickFreq
 *fill*         0x0000000020000009        0x3 
 .data.USBD_CDC_DeviceQualifierDesc
                0x000000002000000c        0xa ./Middlewares/ST/STM32_USB_Device_Library/Class/CDC/Src/usbd_cdc.o
 *fill*         0x0000000020000016        0x2 
 .data.USBD_CDC
                0x0000000020000018       0x38 ./Middlewares/ST/STM32_USB_Device_Library/Class/CDC/Src/usbd_cdc.o
                0x0000000020000018                USBD_CDC
 .data.USBD_CDC_CfgHSDesc
                0x0000000020000050       0x43 ./Middlewares/ST/STM32_USB_Device_Library/Class/CDC/Src/usbd_cdc.o
                0x0000000020000050                USBD_CDC_CfgHSDesc
 *fill*         0x0000000020000093        0x1 
 .data.USBD_CDC_CfgFSDesc
                0x0000000020000094       0x43 ./Middlewares/ST/STM32_USB_Device_Library/Class/CDC/Src/usbd_cdc.o
                0x0000000020000094                USBD_CDC_CfgFSDesc
 *fill*         0x00000000200000d7        0x1 
 .data.USBD_CDC_OtherSpeedCfgDesc
                0x00000000200000d8       0x43 ./Middlewares/ST/STM32_USB_Device_Library/Class/CDC/Src/usbd_cdc.o
                0x00000000200000d8                USBD_CDC_OtherSpeedCfgDesc
 *fill*         0x000000002000011b        0x1 
 .data.USBD_Interface_fops_FS
                0x000000002000011c       0x10 ./USB_DEVICE/App/usbd_cdc_if.o
                0x000000002000011c                USBD_Interface_fops_FS
 .data.FS_Desc  0x000000002000012c       0x1c ./USB_DEVICE/App/usbd_desc.o
                0x000000002000012c                FS_Desc
 .data.USBD_FS_DeviceDesc
                0x0000000020000148       0x12 ./USB_DEVICE/App/usbd_desc.o
                0x0000000020000148                USBD_FS_DeviceDesc
 *fill*         0x000000002000015a        0x2 
 .data.USBD_LangIDDesc
                0x000000002000015c        0x4 ./USB_DEVICE/App/usbd_desc.o
                0x000000002000015c                USBD_LangIDDesc
 .data.USBD_StringSerial
                0x0000000020000160       0x1a ./USB_DEVICE/App/usbd_desc.o
                0x0000000020000160                USBD_StringSerial
 *(.RamFunc)
 *(.RamFunc*)
                0x000000002000017c                . = ALIGN (0x4)
 *fill*         0x000000002000017a        0x2 
                0x000000002000017c                _edata = .

.igot.plt       0x000000002000017c        0x0 load address 0x00000000080092c0
 .igot.plt      0x000000002000017c        0x0 c:/st/stm32cubeide_1.7.0/stm32cubeide/plugins/com.st.stm32cube.ide.mcu.externaltools.gnu-tools-for-stm32.9-2020-q2-update.win32_2.0.0.202105311346/tools/bin/../lib/gcc/arm-none-eabi/9.3.1/thumb/v6-m/nofp/crtbegin.o
                0x000000002000017c                . = ALIGN (0x4)

.bss            0x000000002000017c     0x1280 load address 0x00000000080092c0
                0x000000002000017c                _sbss = .
                0x000000002000017c                __bss_start__ = _sbss
 *(.bss)
 .bss           0x000000002000017c       0x1c c:/st/stm32cubeide_1.7.0/stm32cubeide/plugins/com.st.stm32cube.ide.mcu.externaltools.gnu-tools-for-stm32.9-2020-q2-update.win32_2.0.0.202105311346/tools/bin/../lib/gcc/arm-none-eabi/9.3.1/thumb/v6-m/nofp/crtbegin.o
 *(.bss*)
 .bss.flag      0x0000000020000198        0x4 ./Core/Src/main.o
                0x0000000020000198                flag
 .bss.cfgidx.7948
                0x000000002000019c        0x1 ./Middlewares/ST/STM32_USB_Device_Library/Core/Src/usbd_ctlreq.o
 *fill*         0x000000002000019d        0x3 
 .bss.mem.8017  0x00000000200001a0      0x220 ./USB_DEVICE/Target/usbd_conf.o
 *(COMMON)
 COMMON         0x00000000200003c0       0xb0 ./Core/Src/main.o
                0x00000000200003c0                TxMailBox
                0x00000000200003c4                hcan
                0x00000000200003ec                Data
                0x000000002000040c                DataRx
                0x000000002000042c                TxData
                0x0000000020000434                RxData
                0x000000002000043c                TxHeader
                0x0000000020000454                RxHeader
 COMMON         0x0000000020000470        0x4 ./Drivers/STM32F0xx_HAL_Driver/Src/stm32f0xx_hal.o
                0x0000000020000470                uwTick
 COMMON         0x0000000020000474      0x2c4 ./USB_DEVICE/App/usb_device.o
                0x0000000020000474                hUsbDeviceFS
 COMMON         0x0000000020000738      0x7d0 ./USB_DEVICE/App/usbd_cdc_if.o
                0x0000000020000738                UserRxBufferFS
                0x0000000020000b20                UserTxBufferFS
 COMMON         0x0000000020000f08      0x200 ./USB_DEVICE/App/usbd_desc.o
                0x0000000020000f08                USBD_StrDesc
 COMMON         0x0000000020001108      0x2f4 ./USB_DEVICE/Target/usbd_conf.o
                0x0000000020001108                hpcd_USB_FS
                0x00000000200013fc                . = ALIGN (0x4)
                0x00000000200013fc                _ebss = .
                0x00000000200013fc                __bss_end__ = _ebss

._user_heap_stack
                0x00000000200013fc      0x604 load address 0x00000000080092c0
                0x0000000020001400                . = ALIGN (0x8)
 *fill*         0x00000000200013fc        0x4 
                [!provide]                        PROVIDE (end = .)
                0x0000000020001400                PROVIDE (_end = .)
                0x0000000020001600                . = (. + _Min_Heap_Size)
 *fill*         0x0000000020001400      0x200 
                0x0000000020001a00                . = (. + _Min_Stack_Size)
 *fill*         0x0000000020001600      0x400 
                0x0000000020001a00                . = ALIGN (0x8)

/DISCARD/
 libc.a(*)
 libm.a(*)
 libgcc.a(*)

.ARM.attributes
                0x0000000000000000       0x28
 *(.ARM.attributes)
 .ARM.attributes
                0x0000000000000000       0x1e c:/st/stm32cubeide_1.7.0/stm32cubeide/plugins/com.st.stm32cube.ide.mcu.externaltools.gnu-tools-for-stm32.9-2020-q2-update.win32_2.0.0.202105311346/tools/bin/../lib/gcc/arm-none-eabi/9.3.1/thumb/v6-m/nofp/crti.o
 .ARM.attributes
                0x000000000000001e       0x2c c:/st/stm32cubeide_1.7.0/stm32cubeide/plugins/com.st.stm32cube.ide.mcu.externaltools.gnu-tools-for-stm32.9-2020-q2-update.win32_2.0.0.202105311346/tools/bin/../lib/gcc/arm-none-eabi/9.3.1/thumb/v6-m/nofp/crtbegin.o
 .ARM.attributes
                0x000000000000004a       0x2c ./Core/Src/main.o
 .ARM.attributes
                0x0000000000000076       0x2c ./Core/Src/stm32f0xx_hal_msp.o
 .ARM.attributes
                0x00000000000000a2       0x2c ./Core/Src/stm32f0xx_it.o
 .ARM.attributes
                0x00000000000000ce       0x2c ./Core/Src/system_stm32f0xx.o
 .ARM.attributes
                0x00000000000000fa       0x21 ./Core/Startup/startup_stm32f072rbtx.o
 .ARM.attributes
                0x000000000000011b       0x2c ./Drivers/STM32F0xx_HAL_Driver/Src/stm32f0xx_hal.o
 .ARM.attributes
                0x0000000000000147       0x2c ./Drivers/STM32F0xx_HAL_Driver/Src/stm32f0xx_hal_can.o
 .ARM.attributes
                0x0000000000000173       0x2c ./Drivers/STM32F0xx_HAL_Driver/Src/stm32f0xx_hal_cortex.o
 .ARM.attributes
                0x000000000000019f       0x2c ./Drivers/STM32F0xx_HAL_Driver/Src/stm32f0xx_hal_gpio.o
 .ARM.attributes
                0x00000000000001cb       0x2c ./Drivers/STM32F0xx_HAL_Driver/Src/stm32f0xx_hal_pcd.o
 .ARM.attributes
                0x00000000000001f7       0x2c ./Drivers/STM32F0xx_HAL_Driver/Src/stm32f0xx_hal_pcd_ex.o
 .ARM.attributes
                0x0000000000000223       0x2c ./Drivers/STM32F0xx_HAL_Driver/Src/stm32f0xx_hal_rcc.o
 .ARM.attributes
                0x000000000000024f       0x2c ./Drivers/STM32F0xx_HAL_Driver/Src/stm32f0xx_hal_rcc_ex.o
 .ARM.attributes
                0x000000000000027b       0x2c ./Drivers/STM32F0xx_HAL_Driver/Src/stm32f0xx_ll_usb.o
 .ARM.attributes
                0x00000000000002a7       0x2c ./Middlewares/ST/STM32_USB_Device_Library/Class/CDC/Src/usbd_cdc.o
 .ARM.attributes
                0x00000000000002d3       0x2c ./Middlewares/ST/STM32_USB_Device_Library/Core/Src/usbd_core.o
 .ARM.attributes
                0x00000000000002ff       0x2c ./Middlewares/ST/STM32_USB_Device_Library/Core/Src/usbd_ctlreq.o
 .ARM.attributes
                0x000000000000032b       0x2c ./Middlewares/ST/STM32_USB_Device_Library/Core/Src/usbd_ioreq.o
 .ARM.attributes
                0x0000000000000357       0x2c ./USB_DEVICE/App/usb_device.o
 .ARM.attributes
                0x0000000000000383       0x2c ./USB_DEVICE/App/usbd_cdc_if.o
 .ARM.attributes
                0x00000000000003af       0x2c ./USB_DEVICE/App/usbd_desc.o
 .ARM.attributes
                0x00000000000003db       0x2c ./USB_DEVICE/Target/usbd_conf.o
 .ARM.attributes
                0x0000000000000407       0x2c c:/st/stm32cubeide_1.7.0/stm32cubeide/plugins/com.st.stm32cube.ide.mcu.externaltools.gnu-tools-for-stm32.9-2020-q2-update.win32_2.0.0.202105311346/tools/bin/../lib/gcc/arm-none-eabi/9.3.1/../../../../arm-none-eabi/lib/thumb/v6-m/nofp\libc_nano.a(lib_a-init.o)
 .ARM.attributes
                0x0000000000000433       0x2c c:/st/stm32cubeide_1.7.0/stm32cubeide/plugins/com.st.stm32cube.ide.mcu.externaltools.gnu-tools-for-stm32.9-2020-q2-update.win32_2.0.0.202105311346/tools/bin/../lib/gcc/arm-none-eabi/9.3.1/../../../../arm-none-eabi/lib/thumb/v6-m/nofp\libc_nano.a(lib_a-memset.o)
 .ARM.attributes
                0x000000000000045f       0x1e c:/st/stm32cubeide_1.7.0/stm32cubeide/plugins/com.st.stm32cube.ide.mcu.externaltools.gnu-tools-for-stm32.9-2020-q2-update.win32_2.0.0.202105311346/tools/bin/../lib/gcc/arm-none-eabi/9.3.1/thumb/v6-m/nofp\libgcc.a(_udivsi3.o)
 .ARM.attributes
                0x000000000000047d       0x1e c:/st/stm32cubeide_1.7.0/stm32cubeide/plugins/com.st.stm32cube.ide.mcu.externaltools.gnu-tools-for-stm32.9-2020-q2-update.win32_2.0.0.202105311346/tools/bin/../lib/gcc/arm-none-eabi/9.3.1/thumb/v6-m/nofp\libgcc.a(_dvmd_tls.o)
 .ARM.attributes
                0x000000000000049b       0x1e c:/st/stm32cubeide_1.7.0/stm32cubeide/plugins/com.st.stm32cube.ide.mcu.externaltools.gnu-tools-for-stm32.9-2020-q2-update.win32_2.0.0.202105311346/tools/bin/../lib/gcc/arm-none-eabi/9.3.1/thumb/v6-m/nofp/crtn.o
OUTPUT(USB.elf elf32-littlearm)
LOAD linker stubs
LOAD c:/st/stm32cubeide_1.7.0/stm32cubeide/plugins/com.st.stm32cube.ide.mcu.externaltools.gnu-tools-for-stm32.9-2020-q2-update.win32_2.0.0.202105311346/tools/bin/../lib/gcc/arm-none-eabi/9.3.1/../../../../arm-none-eabi/lib/thumb/v6-m/nofp\libc.a
LOAD c:/st/stm32cubeide_1.7.0/stm32cubeide/plugins/com.st.stm32cube.ide.mcu.externaltools.gnu-tools-for-stm32.9-2020-q2-update.win32_2.0.0.202105311346/tools/bin/../lib/gcc/arm-none-eabi/9.3.1/../../../../arm-none-eabi/lib/thumb/v6-m/nofp\libm.a
LOAD c:/st/stm32cubeide_1.7.0/stm32cubeide/plugins/com.st.stm32cube.ide.mcu.externaltools.gnu-tools-for-stm32.9-2020-q2-update.win32_2.0.0.202105311346/tools/bin/../lib/gcc/arm-none-eabi/9.3.1/thumb/v6-m/nofp\libgcc.a

.debug_info     0x0000000000000000    0x138b4
 .debug_info    0x0000000000000000     0x1ad2 ./Core/Src/main.o
 .debug_info    0x0000000000001ad2      0x8f3 ./Core/Src/stm32f0xx_hal_msp.o
 .debug_info    0x00000000000023c5      0xac1 ./Core/Src/stm32f0xx_it.o
 .debug_info    0x0000000000002e86      0x2c3 ./Core/Src/system_stm32f0xx.o
 .debug_info    0x0000000000003149       0x22 ./Core/Startup/startup_stm32f072rbtx.o
 .debug_info    0x000000000000316b      0x717 ./Drivers/STM32F0xx_HAL_Driver/Src/stm32f0xx_hal.o
 .debug_info    0x0000000000003882     0x1003 ./Drivers/STM32F0xx_HAL_Driver/Src/stm32f0xx_hal_can.o
 .debug_info    0x0000000000004885      0x7e8 ./Drivers/STM32F0xx_HAL_Driver/Src/stm32f0xx_hal_cortex.o
 .debug_info    0x000000000000506d      0x6ed ./Drivers/STM32F0xx_HAL_Driver/Src/stm32f0xx_hal_gpio.o
 .debug_info    0x000000000000575a     0x1557 ./Drivers/STM32F0xx_HAL_Driver/Src/stm32f0xx_hal_pcd.o
 .debug_info    0x0000000000006cb1      0x91c ./Drivers/STM32F0xx_HAL_Driver/Src/stm32f0xx_hal_pcd_ex.o
 .debug_info    0x00000000000075cd      0x8b1 ./Drivers/STM32F0xx_HAL_Driver/Src/stm32f0xx_hal_rcc.o
 .debug_info    0x0000000000007e7e      0x6da ./Drivers/STM32F0xx_HAL_Driver/Src/stm32f0xx_hal_rcc_ex.o
 .debug_info    0x0000000000008558     0x1728 ./Drivers/STM32F0xx_HAL_Driver/Src/stm32f0xx_ll_usb.o
 .debug_info    0x0000000000009c80     0x1958 ./Middlewares/ST/STM32_USB_Device_Library/Class/CDC/Src/usbd_cdc.o
 .debug_info    0x000000000000b5d8     0x12c8 ./Middlewares/ST/STM32_USB_Device_Library/Core/Src/usbd_core.o
 .debug_info    0x000000000000c8a0     0x1235 ./Middlewares/ST/STM32_USB_Device_Library/Core/Src/usbd_ctlreq.o
 .debug_info    0x000000000000dad5     0x1007 ./Middlewares/ST/STM32_USB_Device_Library/Core/Src/usbd_ioreq.o
 .debug_info    0x000000000000eadc      0xf44 ./USB_DEVICE/App/usb_device.o
 .debug_info    0x000000000000fa20     0x127a ./USB_DEVICE/App/usbd_cdc_if.o
 .debug_info    0x0000000000010c9a      0xdc1 ./USB_DEVICE/App/usbd_desc.o
 .debug_info    0x0000000000011a5b     0x1e59 ./USB_DEVICE/Target/usbd_conf.o

.debug_abbrev   0x0000000000000000     0x30e5
 .debug_abbrev  0x0000000000000000      0x33f ./Core/Src/main.o
 .debug_abbrev  0x000000000000033f      0x1cf ./Core/Src/stm32f0xx_hal_msp.o
 .debug_abbrev  0x000000000000050e      0x195 ./Core/Src/stm32f0xx_it.o
 .debug_abbrev  0x00000000000006a3      0x145 ./Core/Src/system_stm32f0xx.o
 .debug_abbrev  0x00000000000007e8       0x12 ./Core/Startup/startup_stm32f072rbtx.o
 .debug_abbrev  0x00000000000007fa      0x1ed ./Drivers/STM32F0xx_HAL_Driver/Src/stm32f0xx_hal.o
 .debug_abbrev  0x00000000000009e7      0x1dd ./Drivers/STM32F0xx_HAL_Driver/Src/stm32f0xx_hal_can.o
 .debug_abbrev  0x0000000000000bc4      0x2a9 ./Drivers/STM32F0xx_HAL_Driver/Src/stm32f0xx_hal_cortex.o
 .debug_abbrev  0x0000000000000e6d      0x1e8 ./Drivers/STM32F0xx_HAL_Driver/Src/stm32f0xx_hal_gpio.o
 .debug_abbrev  0x0000000000001055      0x29e ./Drivers/STM32F0xx_HAL_Driver/Src/stm32f0xx_hal_pcd.o
 .debug_abbrev  0x00000000000012f3      0x219 ./Drivers/STM32F0xx_HAL_Driver/Src/stm32f0xx_hal_pcd_ex.o
 .debug_abbrev  0x000000000000150c      0x23b ./Drivers/STM32F0xx_HAL_Driver/Src/stm32f0xx_hal_rcc.o
 .debug_abbrev  0x0000000000001747      0x1c9 ./Drivers/STM32F0xx_HAL_Driver/Src/stm32f0xx_hal_rcc_ex.o
 .debug_abbrev  0x0000000000001910      0x25c ./Drivers/STM32F0xx_HAL_Driver/Src/stm32f0xx_ll_usb.o
 .debug_abbrev  0x0000000000001b6c      0x2f6 ./Middlewares/ST/STM32_USB_Device_Library/Class/CDC/Src/usbd_cdc.o
 .debug_abbrev  0x0000000000001e62      0x2a8 ./Middlewares/ST/STM32_USB_Device_Library/Core/Src/usbd_core.o
 .debug_abbrev  0x000000000000210a      0x2de ./Middlewares/ST/STM32_USB_Device_Library/Core/Src/usbd_ctlreq.o
 .debug_abbrev  0x00000000000023e8      0x20a ./Middlewares/ST/STM32_USB_Device_Library/Core/Src/usbd_ioreq.o
 .debug_abbrev  0x00000000000025f2      0x1e4 ./USB_DEVICE/App/usb_device.o
 .debug_abbrev  0x00000000000027d6      0x310 ./USB_DEVICE/App/usbd_cdc_if.o
 .debug_abbrev  0x0000000000002ae6      0x2ca ./USB_DEVICE/App/usbd_desc.o
 .debug_abbrev  0x0000000000002db0      0x335 ./USB_DEVICE/Target/usbd_conf.o

.debug_aranges  0x0000000000000000      0xb78
 .debug_aranges
                0x0000000000000000       0x60 ./Core/Src/main.o
 .debug_aranges
                0x0000000000000060       0x30 ./Core/Src/stm32f0xx_hal_msp.o
 .debug_aranges
                0x0000000000000090       0x50 ./Core/Src/stm32f0xx_it.o
 .debug_aranges
                0x00000000000000e0       0x28 ./Core/Src/system_stm32f0xx.o
 .debug_aranges
                0x0000000000000108       0x28 ./Core/Startup/startup_stm32f072rbtx.o
 .debug_aranges
                0x0000000000000130       0xd0 ./Drivers/STM32F0xx_HAL_Driver/Src/stm32f0xx_hal.o
 .debug_aranges
                0x0000000000000200      0x138 ./Drivers/STM32F0xx_HAL_Driver/Src/stm32f0xx_hal_can.o
 .debug_aranges
                0x0000000000000338       0xc0 ./Drivers/STM32F0xx_HAL_Driver/Src/stm32f0xx_hal_cortex.o
 .debug_aranges
                0x00000000000003f8       0x58 ./Drivers/STM32F0xx_HAL_Driver/Src/stm32f0xx_hal_gpio.o
 .debug_aranges
                0x0000000000000450      0x130 ./Drivers/STM32F0xx_HAL_Driver/Src/stm32f0xx_hal_pcd.o
 .debug_aranges
                0x0000000000000580       0x58 ./Drivers/STM32F0xx_HAL_Driver/Src/stm32f0xx_hal_pcd_ex.o
 .debug_aranges
                0x00000000000005d8       0x80 ./Drivers/STM32F0xx_HAL_Driver/Src/stm32f0xx_hal_rcc.o
 .debug_aranges
                0x0000000000000658       0x78 ./Drivers/STM32F0xx_HAL_Driver/Src/stm32f0xx_hal_rcc_ex.o
 .debug_aranges
                0x00000000000006d0       0xb0 ./Drivers/STM32F0xx_HAL_Driver/Src/stm32f0xx_ll_usb.o
 .debug_aranges
                0x0000000000000780       0x90 ./Middlewares/ST/STM32_USB_Device_Library/Class/CDC/Src/usbd_cdc.o
 .debug_aranges
                0x0000000000000810       0xb8 ./Middlewares/ST/STM32_USB_Device_Library/Core/Src/usbd_core.o
 .debug_aranges
                0x00000000000008c8       0x88 ./Middlewares/ST/STM32_USB_Device_Library/Core/Src/usbd_ctlreq.o
 .debug_aranges
                0x0000000000000950       0x50 ./Middlewares/ST/STM32_USB_Device_Library/Core/Src/usbd_ioreq.o
 .debug_aranges
                0x00000000000009a0       0x20 ./USB_DEVICE/App/usb_device.o
 .debug_aranges
                0x00000000000009c0       0x40 ./USB_DEVICE/App/usbd_cdc_if.o
 .debug_aranges
                0x0000000000000a00       0x60 ./USB_DEVICE/App/usbd_desc.o
 .debug_aranges
                0x0000000000000a60      0x118 ./USB_DEVICE/Target/usbd_conf.o

.debug_ranges   0x0000000000000000      0xa20
 .debug_ranges  0x0000000000000000       0x50 ./Core/Src/main.o
 .debug_ranges  0x0000000000000050       0x20 ./Core/Src/stm32f0xx_hal_msp.o
 .debug_ranges  0x0000000000000070       0x40 ./Core/Src/stm32f0xx_it.o
 .debug_ranges  0x00000000000000b0       0x18 ./Core/Src/system_stm32f0xx.o
 .debug_ranges  0x00000000000000c8       0x20 ./Core/Startup/startup_stm32f072rbtx.o
 .debug_ranges  0x00000000000000e8       0xc0 ./Drivers/STM32F0xx_HAL_Driver/Src/stm32f0xx_hal.o
 .debug_ranges  0x00000000000001a8      0x128 ./Drivers/STM32F0xx_HAL_Driver/Src/stm32f0xx_hal_can.o
 .debug_ranges  0x00000000000002d0       0xb0 ./Drivers/STM32F0xx_HAL_Driver/Src/stm32f0xx_hal_cortex.o
 .debug_ranges  0x0000000000000380       0x48 ./Drivers/STM32F0xx_HAL_Driver/Src/stm32f0xx_hal_gpio.o
 .debug_ranges  0x00000000000003c8      0x120 ./Drivers/STM32F0xx_HAL_Driver/Src/stm32f0xx_hal_pcd.o
 .debug_ranges  0x00000000000004e8       0x48 ./Drivers/STM32F0xx_HAL_Driver/Src/stm32f0xx_hal_pcd_ex.o
 .debug_ranges  0x0000000000000530       0x70 ./Drivers/STM32F0xx_HAL_Driver/Src/stm32f0xx_hal_rcc.o
 .debug_ranges  0x00000000000005a0       0x68 ./Drivers/STM32F0xx_HAL_Driver/Src/stm32f0xx_hal_rcc_ex.o
 .debug_ranges  0x0000000000000608       0xa0 ./Drivers/STM32F0xx_HAL_Driver/Src/stm32f0xx_ll_usb.o
 .debug_ranges  0x00000000000006a8       0x80 ./Middlewares/ST/STM32_USB_Device_Library/Class/CDC/Src/usbd_cdc.o
 .debug_ranges  0x0000000000000728       0xa8 ./Middlewares/ST/STM32_USB_Device_Library/Core/Src/usbd_core.o
 .debug_ranges  0x00000000000007d0       0x78 ./Middlewares/ST/STM32_USB_Device_Library/Core/Src/usbd_ctlreq.o
 .debug_ranges  0x0000000000000848       0x40 ./Middlewares/ST/STM32_USB_Device_Library/Core/Src/usbd_ioreq.o
 .debug_ranges  0x0000000000000888       0x10 ./USB_DEVICE/App/usb_device.o
 .debug_ranges  0x0000000000000898       0x30 ./USB_DEVICE/App/usbd_cdc_if.o
 .debug_ranges  0x00000000000008c8       0x50 ./USB_DEVICE/App/usbd_desc.o
 .debug_ranges  0x0000000000000918      0x108 ./USB_DEVICE/Target/usbd_conf.o

.debug_macro    0x0000000000000000    0x1bcba
 .debug_macro   0x0000000000000000      0x3fd ./Core/Src/main.o
 .debug_macro   0x00000000000003fd      0xa7e ./Core/Src/main.o
 .debug_macro   0x0000000000000e7b      0x133 ./Core/Src/main.o
 .debug_macro   0x0000000000000fae       0x2e ./Core/Src/main.o
 .debug_macro   0x0000000000000fdc       0x22 ./Core/Src/main.o
 .debug_macro   0x0000000000000ffe       0x22 ./Core/Src/main.o
 .debug_macro   0x0000000000001020       0x8e ./Core/Src/main.o
 .debug_macro   0x00000000000010ae       0x51 ./Core/Src/main.o
 .debug_macro   0x00000000000010ff      0x103 ./Core/Src/main.o
 .debug_macro   0x0000000000001202       0x6a ./Core/Src/main.o
 .debug_macro   0x000000000000126c      0x1df ./Core/Src/main.o
 .debug_macro   0x000000000000144b       0x1c ./Core/Src/main.o
 .debug_macro   0x0000000000001467       0x22 ./Core/Src/main.o
 .debug_macro   0x0000000000001489       0xb5 ./Core/Src/main.o
 .debug_macro   0x000000000000153e      0x391 ./Core/Src/main.o
 .debug_macro   0x00000000000018cf     0xfe57 ./Core/Src/main.o
 .debug_macro   0x0000000000011726       0x66 ./Core/Src/main.o
 .debug_macro   0x000000000001178c     0x34a6 ./Core/Src/main.o
 .debug_macro   0x0000000000014c32      0x174 ./Core/Src/main.o
 .debug_macro   0x0000000000014da6       0x55 ./Core/Src/main.o
 .debug_macro   0x0000000000014dfb      0x946 ./Core/Src/main.o
 .debug_macro   0x0000000000015741      0x5f3 ./Core/Src/main.o
 .debug_macro   0x0000000000015d34      0x1af ./Core/Src/main.o
 .debug_macro   0x0000000000015ee3      0x1a7 ./Core/Src/main.o
 .debug_macro   0x000000000001608a      0x1a7 ./Core/Src/main.o
 .debug_macro   0x0000000000016231      0x22c ./Core/Src/main.o
 .debug_macro   0x000000000001645d       0x34 ./Core/Src/main.o
 .debug_macro   0x0000000000016491       0x43 ./Core/Src/main.o
 .debug_macro   0x00000000000164d4       0x28 ./Core/Src/main.o
 .debug_macro   0x00000000000164fc      0x408 ./Core/Src/main.o
 .debug_macro   0x0000000000016904       0xb0 ./Core/Src/main.o
 .debug_macro   0x00000000000169b4      0x217 ./Core/Src/main.o
 .debug_macro   0x0000000000016bcb      0x22c ./Core/Src/main.o
 .debug_macro   0x0000000000016df7       0x61 ./Core/Src/main.o
 .debug_macro   0x0000000000016e58       0xa5 ./Core/Src/main.o
 .debug_macro   0x0000000000016efd       0x65 ./Core/Src/main.o
 .debug_macro   0x0000000000016f62      0x234 ./Core/Src/main.o
 .debug_macro   0x0000000000017196       0x4c ./Core/Src/main.o
 .debug_macro   0x00000000000171e2      0x16d ./Core/Src/main.o
 .debug_macro   0x000000000001734f      0x130 ./Core/Src/main.o
 .debug_macro   0x000000000001747f       0x1c ./Core/Src/main.o
 .debug_macro   0x000000000001749b       0x52 ./Core/Src/main.o
 .debug_macro   0x00000000000174ed       0x18 ./Core/Src/main.o
 .debug_macro   0x0000000000017505       0x3c ./Core/Src/main.o
 .debug_macro   0x0000000000017541       0x34 ./Core/Src/main.o
 .debug_macro   0x0000000000017575       0x16 ./Core/Src/main.o
 .debug_macro   0x000000000001758b       0x35 ./Core/Src/main.o
 .debug_macro   0x00000000000175c0      0x333 ./Core/Src/main.o
 .debug_macro   0x00000000000178f3       0x10 ./Core/Src/main.o
 .debug_macro   0x0000000000017903       0x16 ./Core/Src/main.o
 .debug_macro   0x0000000000017919       0x43 ./Core/Src/main.o
 .debug_macro   0x000000000001795c       0x34 ./Core/Src/main.o
 .debug_macro   0x0000000000017990       0x10 ./Core/Src/main.o
 .debug_macro   0x00000000000179a0       0x58 ./Core/Src/main.o
 .debug_macro   0x00000000000179f8       0x71 ./Core/Src/main.o
 .debug_macro   0x0000000000017a69       0x1c ./Core/Src/main.o
 .debug_macro   0x0000000000017a85      0x12a ./Core/Src/main.o
 .debug_macro   0x0000000000017baf       0x10 ./Core/Src/main.o
 .debug_macro   0x0000000000017bbf       0x1c ./Core/Src/main.o
 .debug_macro   0x0000000000017bdb       0x52 ./Core/Src/main.o
 .debug_macro   0x0000000000017c2d       0x22 ./Core/Src/main.o
 .debug_macro   0x0000000000017c4f       0x10 ./Core/Src/main.o
 .debug_macro   0x0000000000017c5f       0x40 ./Core/Src/main.o
 .debug_macro   0x0000000000017c9f       0xd5 ./Core/Src/main.o
 .debug_macro   0x0000000000017d74       0x1c ./Core/Src/main.o
 .debug_macro   0x0000000000017d90       0x3d ./Core/Src/main.o
 .debug_macro   0x0000000000017dcd       0x16 ./Core/Src/main.o
 .debug_macro   0x0000000000017de3      0x145 ./Core/Src/main.o
 .debug_macro   0x0000000000017f28       0x16 ./Core/Src/main.o
 .debug_macro   0x0000000000017f3e       0x16 ./Core/Src/main.o
 .debug_macro   0x0000000000017f54       0x29 ./Core/Src/main.o
 .debug_macro   0x0000000000017f7d       0x16 ./Core/Src/main.o
 .debug_macro   0x0000000000017f93       0x20 ./Core/Src/main.o
 .debug_macro   0x0000000000017fb3       0x5f ./Core/Src/main.o
 .debug_macro   0x0000000000018012      0x1c8 ./Core/Src/main.o
 .debug_macro   0x00000000000181da       0x8f ./Core/Src/main.o
 .debug_macro   0x0000000000018269      0x1d7 ./Core/Src/stm32f0xx_hal_msp.o
 .debug_macro   0x0000000000018440      0x1e1 ./Core/Src/stm32f0xx_it.o
 .debug_macro   0x0000000000018621      0x1c8 ./Core/Src/system_stm32f0xx.o
 .debug_macro   0x00000000000187e9      0x1ec ./Drivers/STM32F0xx_HAL_Driver/Src/stm32f0xx_hal.o
 .debug_macro   0x00000000000189d5      0x1d0 ./Drivers/STM32F0xx_HAL_Driver/Src/stm32f0xx_hal_can.o
 .debug_macro   0x0000000000018ba5      0x1c8 ./Drivers/STM32F0xx_HAL_Driver/Src/stm32f0xx_hal_cortex.o
 .debug_macro   0x0000000000018d6d      0x1cf ./Drivers/STM32F0xx_HAL_Driver/Src/stm32f0xx_hal_gpio.o
 .debug_macro   0x0000000000018f3c      0x1d4 ./Drivers/STM32F0xx_HAL_Driver/Src/stm32f0xx_hal_pcd.o
 .debug_macro   0x0000000000019110      0x1c8 ./Drivers/STM32F0xx_HAL_Driver/Src/stm32f0xx_hal_pcd_ex.o
 .debug_macro   0x00000000000192d8      0x1da ./Drivers/STM32F0xx_HAL_Driver/Src/stm32f0xx_hal_rcc.o
 .debug_macro   0x00000000000194b2      0x1da ./Drivers/STM32F0xx_HAL_Driver/Src/stm32f0xx_hal_rcc_ex.o
 .debug_macro   0x000000000001968c      0x1c8 ./Drivers/STM32F0xx_HAL_Driver/Src/stm32f0xx_ll_usb.o
 .debug_macro   0x0000000000019854      0x3ed ./Middlewares/ST/STM32_USB_Device_Library/Class/CDC/Src/usbd_cdc.o
 .debug_macro   0x0000000000019c41       0x97 ./Middlewares/ST/STM32_USB_Device_Library/Class/CDC/Src/usbd_cdc.o
 .debug_macro   0x0000000000019cd8       0xfd ./Middlewares/ST/STM32_USB_Device_Library/Class/CDC/Src/usbd_cdc.o
 .debug_macro   0x0000000000019dd5       0xaf ./Middlewares/ST/STM32_USB_Device_Library/Class/CDC/Src/usbd_cdc.o
 .debug_macro   0x0000000000019e84       0x4f ./Middlewares/ST/STM32_USB_Device_Library/Class/CDC/Src/usbd_cdc.o
 .debug_macro   0x0000000000019ed3      0x3d4 ./Middlewares/ST/STM32_USB_Device_Library/Core/Src/usbd_core.o
 .debug_macro   0x000000000001a2a7      0x1ce ./Middlewares/ST/STM32_USB_Device_Library/Core/Src/usbd_core.o
 .debug_macro   0x000000000001a475      0x3de ./Middlewares/ST/STM32_USB_Device_Library/Core/Src/usbd_ctlreq.o
 .debug_macro   0x000000000001a853      0x3da ./Middlewares/ST/STM32_USB_Device_Library/Core/Src/usbd_ioreq.o
 .debug_macro   0x000000000001ac2d      0x40d ./USB_DEVICE/App/usb_device.o
 .debug_macro   0x000000000001b03a       0x22 ./USB_DEVICE/App/usb_device.o
 .debug_macro   0x000000000001b05c       0x22 ./USB_DEVICE/App/usb_device.o
 .debug_macro   0x000000000001b07e       0x16 ./USB_DEVICE/App/usb_device.o
 .debug_macro   0x000000000001b094      0x3f8 ./USB_DEVICE/App/usbd_cdc_if.o
 .debug_macro   0x000000000001b48c       0x10 ./USB_DEVICE/App/usbd_cdc_if.o
 .debug_macro   0x000000000001b49c      0x411 ./USB_DEVICE/App/usbd_desc.o
 .debug_macro   0x000000000001b8ad       0x1c ./USB_DEVICE/App/usbd_desc.o
 .debug_macro   0x000000000001b8c9      0x3f1 ./USB_DEVICE/Target/usbd_conf.o

.debug_line     0x0000000000000000     0xfea3
 .debug_line    0x0000000000000000     0x1031 ./Core/Src/main.o
 .debug_line    0x0000000000001031      0x72c ./Core/Src/stm32f0xx_hal_msp.o
 .debug_line    0x000000000000175d      0x771 ./Core/Src/stm32f0xx_it.o
 .debug_line    0x0000000000001ece      0x764 ./Core/Src/system_stm32f0xx.o
 .debug_line    0x0000000000002632       0x89 ./Core/Startup/startup_stm32f072rbtx.o
 .debug_line    0x00000000000026bb      0x957 ./Drivers/STM32F0xx_HAL_Driver/Src/stm32f0xx_hal.o
 .debug_line    0x0000000000003012     0x111b ./Drivers/STM32F0xx_HAL_Driver/Src/stm32f0xx_hal_can.o
 .debug_line    0x000000000000412d      0xa03 ./Drivers/STM32F0xx_HAL_Driver/Src/stm32f0xx_hal_cortex.o
 .debug_line    0x0000000000004b30      0xae9 ./Drivers/STM32F0xx_HAL_Driver/Src/stm32f0xx_hal_gpio.o
 .debug_line    0x0000000000005619     0x12da ./Drivers/STM32F0xx_HAL_Driver/Src/stm32f0xx_hal_pcd.o
 .debug_line    0x00000000000068f3      0x851 ./Drivers/STM32F0xx_HAL_Driver/Src/stm32f0xx_hal_pcd_ex.o
 .debug_line    0x0000000000007144      0xde6 ./Drivers/STM32F0xx_HAL_Driver/Src/stm32f0xx_hal_rcc.o
 .debug_line    0x0000000000007f2a      0xbf7 ./Drivers/STM32F0xx_HAL_Driver/Src/stm32f0xx_hal_rcc_ex.o
 .debug_line    0x0000000000008b21      0xf0c ./Drivers/STM32F0xx_HAL_Driver/Src/stm32f0xx_ll_usb.o
 .debug_line    0x0000000000009a2d      0xd6a ./Middlewares/ST/STM32_USB_Device_Library/Class/CDC/Src/usbd_cdc.o
 .debug_line    0x000000000000a797      0xdea ./Middlewares/ST/STM32_USB_Device_Library/Core/Src/usbd_core.o
 .debug_line    0x000000000000b581     0x1006 ./Middlewares/ST/STM32_USB_Device_Library/Core/Src/usbd_ctlreq.o
 .debug_line    0x000000000000c587      0xa80 ./Middlewares/ST/STM32_USB_Device_Library/Core/Src/usbd_ioreq.o
 .debug_line    0x000000000000d007      0xa40 ./USB_DEVICE/App/usb_device.o
 .debug_line    0x000000000000da47      0xb1b ./USB_DEVICE/App/usbd_cdc_if.o
 .debug_line    0x000000000000e562      0xb09 ./USB_DEVICE/App/usbd_desc.o
 .debug_line    0x000000000000f06b      0xe38 ./USB_DEVICE/Target/usbd_conf.o

.debug_str      0x0000000000000000    0x93368
 .debug_str     0x0000000000000000    0x90a64 ./Core/Src/main.o
                                      0x90e8a (size before relaxing)
 .debug_str     0x0000000000090a64      0x1a8 ./Core/Src/stm32f0xx_hal_msp.o
                                      0x8ba35 (size before relaxing)
 .debug_str     0x0000000000090c0c      0x3b2 ./Core/Src/stm32f0xx_it.o
                                      0x8bb1a (size before relaxing)
 .debug_str     0x0000000000090fbe       0x5f ./Core/Src/system_stm32f0xx.o
                                      0x8b4db (size before relaxing)
 .debug_str     0x000000000009101d       0x36 ./Core/Startup/startup_stm32f072rbtx.o
                                         0x51 (size before relaxing)
 .debug_str     0x0000000000091053      0x30d ./Drivers/STM32F0xx_HAL_Driver/Src/stm32f0xx_hal.o
                                      0x8ba49 (size before relaxing)
 .debug_str     0x0000000000091360      0x44f ./Drivers/STM32F0xx_HAL_Driver/Src/stm32f0xx_hal_can.o
                                      0x8bccc (size before relaxing)
 .debug_str     0x00000000000917af      0x1d2 ./Drivers/STM32F0xx_HAL_Driver/Src/stm32f0xx_hal_cortex.o
                                      0x8b8fd (size before relaxing)
 .debug_str     0x0000000000091981      0x156 ./Drivers/STM32F0xx_HAL_Driver/Src/stm32f0xx_hal_gpio.o
                                      0x8b6ba (size before relaxing)
 .debug_str     0x0000000000091ad7      0x3d8 ./Drivers/STM32F0xx_HAL_Driver/Src/stm32f0xx_hal_pcd.o
                                      0x8bc2c (size before relaxing)
 .debug_str     0x0000000000091eaf      0x1c6 ./Drivers/STM32F0xx_HAL_Driver/Src/stm32f0xx_hal_pcd_ex.o
                                      0x8ba04 (size before relaxing)
 .debug_str     0x0000000000092075      0x240 ./Drivers/STM32F0xx_HAL_Driver/Src/stm32f0xx_hal_rcc.o
                                      0x8b8f0 (size before relaxing)
 .debug_str     0x00000000000922b5      0x2ec ./Drivers/STM32F0xx_HAL_Driver/Src/stm32f0xx_hal_rcc_ex.o
                                      0x8b8cd (size before relaxing)
 .debug_str     0x00000000000925a1      0x1f6 ./Drivers/STM32F0xx_HAL_Driver/Src/stm32f0xx_ll_usb.o
                                      0x8b8eb (size before relaxing)
 .debug_str     0x0000000000092797      0x2c6 ./Middlewares/ST/STM32_USB_Device_Library/Class/CDC/Src/usbd_cdc.o
                                      0x90d68 (size before relaxing)
 .debug_str     0x0000000000092a5d      0x1bc ./Middlewares/ST/STM32_USB_Device_Library/Core/Src/usbd_core.o
                                      0x90620 (size before relaxing)
 .debug_str     0x0000000000092c19      0x134 ./Middlewares/ST/STM32_USB_Device_Library/Core/Src/usbd_ctlreq.o
                                      0x905a6 (size before relaxing)
 .debug_str     0x0000000000092d4d       0xc9 ./Middlewares/ST/STM32_USB_Device_Library/Core/Src/usbd_ioreq.o
                                      0x9052e (size before relaxing)
 .debug_str     0x0000000000092e16      0x118 ./USB_DEVICE/App/usb_device.o
                                      0x90895 (size before relaxing)
 .debug_str     0x0000000000092f2e       0x7d ./USB_DEVICE/App/usbd_cdc_if.o
                                      0x90953 (size before relaxing)
 .debug_str     0x0000000000092fab      0x250 ./USB_DEVICE/App/usbd_desc.o
                                      0x90491 (size before relaxing)
 .debug_str     0x00000000000931fb      0x16d ./USB_DEVICE/Target/usbd_conf.o
                                      0x91072 (size before relaxing)

.comment        0x0000000000000000       0x53
 .comment       0x0000000000000000       0x53 ./Core/Src/main.o
                                         0x54 (size before relaxing)
 .comment       0x0000000000000053       0x54 ./Core/Src/stm32f0xx_hal_msp.o
 .comment       0x0000000000000053       0x54 ./Core/Src/stm32f0xx_it.o
 .comment       0x0000000000000053       0x54 ./Core/Src/system_stm32f0xx.o
 .comment       0x0000000000000053       0x54 ./Drivers/STM32F0xx_HAL_Driver/Src/stm32f0xx_hal.o
 .comment       0x0000000000000053       0x54 ./Drivers/STM32F0xx_HAL_Driver/Src/stm32f0xx_hal_can.o
 .comment       0x0000000000000053       0x54 ./Drivers/STM32F0xx_HAL_Driver/Src/stm32f0xx_hal_cortex.o
 .comment       0x0000000000000053       0x54 ./Drivers/STM32F0xx_HAL_Driver/Src/stm32f0xx_hal_gpio.o
 .comment       0x0000000000000053       0x54 ./Drivers/STM32F0xx_HAL_Driver/Src/stm32f0xx_hal_pcd.o
 .comment       0x0000000000000053       0x54 ./Drivers/STM32F0xx_HAL_Driver/Src/stm32f0xx_hal_pcd_ex.o
 .comment       0x0000000000000053       0x54 ./Drivers/STM32F0xx_HAL_Driver/Src/stm32f0xx_hal_rcc.o
 .comment       0x0000000000000053       0x54 ./Drivers/STM32F0xx_HAL_Driver/Src/stm32f0xx_hal_rcc_ex.o
 .comment       0x0000000000000053       0x54 ./Drivers/STM32F0xx_HAL_Driver/Src/stm32f0xx_ll_usb.o
 .comment       0x0000000000000053       0x54 ./Middlewares/ST/STM32_USB_Device_Library/Class/CDC/Src/usbd_cdc.o
 .comment       0x0000000000000053       0x54 ./Middlewares/ST/STM32_USB_Device_Library/Core/Src/usbd_core.o
 .comment       0x0000000000000053       0x54 ./Middlewares/ST/STM32_USB_Device_Library/Core/Src/usbd_ctlreq.o
 .comment       0x0000000000000053       0x54 ./Middlewares/ST/STM32_USB_Device_Library/Core/Src/usbd_ioreq.o
 .comment       0x0000000000000053       0x54 ./USB_DEVICE/App/usb_device.o
 .comment       0x0000000000000053       0x54 ./USB_DEVICE/App/usbd_cdc_if.o
 .comment       0x0000000000000053       0x54 ./USB_DEVICE/App/usbd_desc.o
 .comment       0x0000000000000053       0x54 ./USB_DEVICE/Target/usbd_conf.o

.debug_frame    0x0000000000000000     0x26b8
 .debug_frame   0x0000000000000000      0x130 ./Core/Src/main.o
 .debug_frame   0x0000000000000130       0x70 ./Core/Src/stm32f0xx_hal_msp.o
 .debug_frame   0x00000000000001a0       0xd4 ./Core/Src/stm32f0xx_it.o
 .debug_frame   0x0000000000000274       0x4c ./Core/Src/system_stm32f0xx.o
 .debug_frame   0x00000000000002c0      0x2a4 ./Drivers/STM32F0xx_HAL_Driver/Src/stm32f0xx_hal.o
 .debug_frame   0x0000000000000564      0x490 ./Drivers/STM32F0xx_HAL_Driver/Src/stm32f0xx_hal_can.o
 .debug_frame   0x00000000000009f4      0x2a0 ./Drivers/STM32F0xx_HAL_Driver/Src/stm32f0xx_hal_cortex.o
 .debug_frame   0x0000000000000c94      0x110 ./Drivers/STM32F0xx_HAL_Driver/Src/stm32f0xx_hal_gpio.o
 .debug_frame   0x0000000000000da4      0x478 ./Drivers/STM32F0xx_HAL_Driver/Src/stm32f0xx_hal_pcd.o
 .debug_frame   0x000000000000121c      0x110 ./Drivers/STM32F0xx_HAL_Driver/Src/stm32f0xx_hal_pcd_ex.o
 .debug_frame   0x000000000000132c      0x198 ./Drivers/STM32F0xx_HAL_Driver/Src/stm32f0xx_hal_rcc.o
 .debug_frame   0x00000000000014c4      0x180 ./Drivers/STM32F0xx_HAL_Driver/Src/stm32f0xx_hal_rcc_ex.o
 .debug_frame   0x0000000000001644      0x280 ./Drivers/STM32F0xx_HAL_Driver/Src/stm32f0xx_ll_usb.o
 .debug_frame   0x00000000000018c4      0x1f0 ./Middlewares/ST/STM32_USB_Device_Library/Class/CDC/Src/usbd_cdc.o
 .debug_frame   0x0000000000001ab4      0x290 ./Middlewares/ST/STM32_USB_Device_Library/Core/Src/usbd_core.o
 .debug_frame   0x0000000000001d44      0x1d8 ./Middlewares/ST/STM32_USB_Device_Library/Core/Src/usbd_ctlreq.o
 .debug_frame   0x0000000000001f1c       0xf0 ./Middlewares/ST/STM32_USB_Device_Library/Core/Src/usbd_ioreq.o
 .debug_frame   0x000000000000200c       0x2c ./USB_DEVICE/App/usb_device.o
 .debug_frame   0x0000000000002038       0xac ./USB_DEVICE/App/usbd_cdc_if.o
 .debug_frame   0x00000000000020e4      0x130 ./USB_DEVICE/App/usbd_desc.o
 .debug_frame   0x0000000000002214      0x438 ./USB_DEVICE/Target/usbd_conf.o
 .debug_frame   0x000000000000264c       0x2c c:/st/stm32cubeide_1.7.0/stm32cubeide/plugins/com.st.stm32cube.ide.mcu.externaltools.gnu-tools-for-stm32.9-2020-q2-update.win32_2.0.0.202105311346/tools/bin/../lib/gcc/arm-none-eabi/9.3.1/../../../../arm-none-eabi/lib/thumb/v6-m/nofp\libc_nano.a(lib_a-init.o)
 .debug_frame   0x0000000000002678       0x20 c:/st/stm32cubeide_1.7.0/stm32cubeide/plugins/com.st.stm32cube.ide.mcu.externaltools.gnu-tools-for-stm32.9-2020-q2-update.win32_2.0.0.202105311346/tools/bin/../lib/gcc/arm-none-eabi/9.3.1/../../../../arm-none-eabi/lib/thumb/v6-m/nofp\libc_nano.a(lib_a-memset.o)
 .debug_frame   0x0000000000002698       0x20 c:/st/stm32cubeide_1.7.0/stm32cubeide/plugins/com.st.stm32cube.ide.mcu.externaltools.gnu-tools-for-stm32.9-2020-q2-update.win32_2.0.0.202105311346/tools/bin/../lib/gcc/arm-none-eabi/9.3.1/thumb/v6-m/nofp\libgcc.a(_udivsi3.o)
